Archive member included to satisfy reference by file (symbol)

..\bsp\libbsp.a(bsp_uart.c.obj)
                              CMakeFiles/demo.elf.dir/boot.c.obj (u0)
D:\ti\mspm0_sdk\source\ti\driverlib\lib\gcc\m0p\mspm0g1x0x_g3x0x\driverlib.a(dl_common.o)
                              CMakeFiles/demo.elf.dir/boot.c.obj (DL_Common_delayCycles)
D:\ti\mspm0_sdk\source\ti\driverlib\lib\gcc\m0p\mspm0g1x0x_g3x0x\driverlib.a(dl_flashctl.o)
                              CMakeFiles/demo.elf.dir/boot.c.obj (DL_FlashCTL_eraseMemoryFromRAM)
D:\ti\mspm0_sdk\source\ti\driverlib\lib\gcc\m0p\mspm0g1x0x_g3x0x\driverlib.a(dl_timer.o)
                              CMakeFiles/demo.elf.dir/__/__/syscfg/ti_msp_dl_config.c.obj (DL_Timer_setClockConfig)
D:\ti\mspm0_sdk\source\ti\driverlib\lib\gcc\m0p\mspm0g1x0x_g3x0x\driverlib.a(dl_uart.o)
                              CMakeFiles/demo.elf.dir/__/__/syscfg/ti_msp_dl_config.c.obj (DL_UART_init)
D:/Env/msys2/ucrt64/bin/../lib/gcc/arm-none-eabi/13.3.0/thumb/v6-m/nofp\libgcc.a(_udivsi3.o)
                              D:\ti\mspm0_sdk\source\ti\driverlib\lib\gcc\m0p\mspm0g1x0x_g3x0x\driverlib.a(dl_flashctl.o) (__aeabi_uidiv)
D:/Env/msys2/ucrt64/bin/../lib/gcc/arm-none-eabi/13.3.0/thumb/v6-m/nofp\libgcc.a(_divsi3.o)
                              D:\ti\mspm0_sdk\source\ti\driverlib\lib\gcc\m0p\mspm0g1x0x_g3x0x\driverlib.a(dl_flashctl.o) (__aeabi_idiv)
D:/Env/msys2/ucrt64/bin/../lib/gcc/arm-none-eabi/13.3.0/thumb/v6-m/nofp\libgcc.a(_dvmd_tls.o)
                              D:/Env/msys2/ucrt64/bin/../lib/gcc/arm-none-eabi/13.3.0/thumb/v6-m/nofp\libgcc.a(_udivsi3.o) (__aeabi_idiv0)
D:/Env/msys2/ucrt64/bin/../lib/gcc/arm-none-eabi/13.3.0/../../../../arm-none-eabi/lib/thumb/v6-m/nofp\libg_nano.a(libc_a-atexit.o)
                              D:/Env/msys2/ucrt64/bin/../lib/gcc/arm-none-eabi/13.3.0/../../../../arm-none-eabi/lib/thumb/v6-m/nofp/crt0.o (atexit)
D:/Env/msys2/ucrt64/bin/../lib/gcc/arm-none-eabi/13.3.0/../../../../arm-none-eabi/lib/thumb/v6-m/nofp\libg_nano.a(libc_a-exit.o)
                              D:/Env/msys2/ucrt64/bin/../lib/gcc/arm-none-eabi/13.3.0/../../../../arm-none-eabi/lib/thumb/v6-m/nofp/crt0.o (exit)
D:/Env/msys2/ucrt64/bin/../lib/gcc/arm-none-eabi/13.3.0/../../../../arm-none-eabi/lib/thumb/v6-m/nofp\libg_nano.a(libc_a-findfp.o)
                              D:/Env/msys2/ucrt64/bin/../lib/gcc/arm-none-eabi/13.3.0/../../../../arm-none-eabi/lib/thumb/v6-m/nofp\libg_nano.a(libc_a-exit.o) (__stdio_exit_handler)
D:/Env/msys2/ucrt64/bin/../lib/gcc/arm-none-eabi/13.3.0/../../../../arm-none-eabi/lib/thumb/v6-m/nofp\libg_nano.a(libc_a-fwalk.o)
                              D:/Env/msys2/ucrt64/bin/../lib/gcc/arm-none-eabi/13.3.0/../../../../arm-none-eabi/lib/thumb/v6-m/nofp\libg_nano.a(libc_a-findfp.o) (_fwalk_sglue)
D:/Env/msys2/ucrt64/bin/../lib/gcc/arm-none-eabi/13.3.0/../../../../arm-none-eabi/lib/thumb/v6-m/nofp\libg_nano.a(libc_a-printf.o)
                              CMakeFiles/demo.elf.dir/boot.c.obj (printf)
D:/Env/msys2/ucrt64/bin/../lib/gcc/arm-none-eabi/13.3.0/../../../../arm-none-eabi/lib/thumb/v6-m/nofp\libg_nano.a(libc_a-putchar.o)
                              CMakeFiles/demo.elf.dir/boot.c.obj (putchar)
D:/Env/msys2/ucrt64/bin/../lib/gcc/arm-none-eabi/13.3.0/../../../../arm-none-eabi/lib/thumb/v6-m/nofp\libg_nano.a(libc_a-puts.o)
                              CMakeFiles/demo.elf.dir/boot.c.obj (puts)
D:/Env/msys2/ucrt64/bin/../lib/gcc/arm-none-eabi/13.3.0/../../../../arm-none-eabi/lib/thumb/v6-m/nofp\libg_nano.a(libc_a-setvbuf.o)
                              CMakeFiles/demo.elf.dir/main.c.obj (setvbuf)
D:/Env/msys2/ucrt64/bin/../lib/gcc/arm-none-eabi/13.3.0/../../../../arm-none-eabi/lib/thumb/v6-m/nofp\libg_nano.a(libc_a-stdio.o)
                              D:/Env/msys2/ucrt64/bin/../lib/gcc/arm-none-eabi/13.3.0/../../../../arm-none-eabi/lib/thumb/v6-m/nofp\libg_nano.a(libc_a-findfp.o) (__sread)
D:/Env/msys2/ucrt64/bin/../lib/gcc/arm-none-eabi/13.3.0/../../../../arm-none-eabi/lib/thumb/v6-m/nofp\libg_nano.a(libc_a-wbuf.o)
                              D:/Env/msys2/ucrt64/bin/../lib/gcc/arm-none-eabi/13.3.0/../../../../arm-none-eabi/lib/thumb/v6-m/nofp\libg_nano.a(libc_a-puts.o) (__swbuf_r)
D:/Env/msys2/ucrt64/bin/../lib/gcc/arm-none-eabi/13.3.0/../../../../arm-none-eabi/lib/thumb/v6-m/nofp\libg_nano.a(libc_a-wsetup.o)
                              D:/Env/msys2/ucrt64/bin/../lib/gcc/arm-none-eabi/13.3.0/../../../../arm-none-eabi/lib/thumb/v6-m/nofp\libg_nano.a(libc_a-puts.o) (__swsetup_r)
D:/Env/msys2/ucrt64/bin/../lib/gcc/arm-none-eabi/13.3.0/../../../../arm-none-eabi/lib/thumb/v6-m/nofp\libg_nano.a(libc_a-memset.o)
                              D:/Env/msys2/ucrt64/bin/../lib/gcc/arm-none-eabi/13.3.0/../../../../arm-none-eabi/lib/thumb/v6-m/nofp/crt0.o (memset)
D:/Env/msys2/ucrt64/bin/../lib/gcc/arm-none-eabi/13.3.0/../../../../arm-none-eabi/lib/thumb/v6-m/nofp\libg_nano.a(libc_a-closer.o)
[...]
Memory Configuration

Name             Origin             Length             Attributes
FLASH            0x00000000         0x00020000         xr
SRAM             0x20200000         0x00008000         xrw
BCR_CONFIG       0x41c00000         0x000000ff         r
BSL_CONFIG       0x41c00100         0x00000080         r
*default*        0x00000000         0xffffffff

Linker script and memory map

LOAD D:/Env/msys2/ucrt64/bin/../lib/gcc/arm-none-eabi/13.3.0/thumb/v6-m/nofp/crti.o
LOAD D:/Env/msys2/ucrt64/bin/../lib/gcc/arm-none-eabi/13.3.0/thumb/v6-m/nofp/crtbegin.o
LOAD D:/Env/msys2/ucrt64/bin/../lib/gcc/arm-none-eabi/13.3.0/../../../../arm-none-eabi/lib/thumb/v6-m/nofp/crt0.o
LOAD CMakeFiles/demo.elf.dir/boot.c.obj
LOAD CMakeFiles/demo.elf.dir/interrupt.c.obj
LOAD CMakeFiles/demo.elf.dir/main.c.obj
LOAD CMakeFiles/demo.elf.dir/__/__/syscfg/startup_mspm0g350x_gcc.c.obj
LOAD CMakeFiles/demo.elf.dir/__/__/syscfg/ti_msp_dl_config.c.obj
LOAD ..\bsp\libbsp.a
LOAD ..\device\libdevice.a
LOAD D:/Env/msys2/ucrt64/bin/../lib/gcc/arm-none-eabi/13.3.0/../../../../arm-none-eabi/lib/thumb/v6-m/nofp\libm.a
LOAD ..\bsp\libbsp.a
LOAD D:\ti\mspm0_sdk\source\ti\driverlib\lib\gcc\m0p\mspm0g1x0x_g3x0x\driverlib.a
START GROUP
LOAD D:/Env/msys2/ucrt64/bin/../lib/gcc/arm-none-eabi/13.3.0/thumb/v6-m/nofp\libgcc.a
LOAD D:/Env/msys2/ucrt64/bin/../lib/gcc/arm-none-eabi/13.3.0/../../../../arm-none-eabi/lib/thumb/v6-m/nofp\libg_nano.a
LOAD D:/Env/msys2/ucrt64/bin/../lib/gcc/arm-none-eabi/13.3.0/../../../../arm-none-eabi/lib/thumb/v6-m/nofp\libc_nano.a
END GROUP
START GROUP
LOAD D:/Env/msys2/ucrt64/bin/../lib/gcc/arm-none-eabi/13.3.0/thumb/v6-m/nofp\libgcc.a
LOAD D:/Env/msys2/ucrt64/bin/../lib/gcc/arm-none-eabi/13.3.0/../../../../arm-none-eabi/lib/thumb/v6-m/nofp\libc_nano.a
LOAD D:/Env/msys2/ucrt64/bin/../lib/gcc/arm-none-eabi/13.3.0/../../../../arm-none-eabi/lib/thumb/v6-m/nofp\libnosys.a
END GROUP
START GROUP
LOAD D:/Env/msys2/ucrt64/bin/../lib/gcc/arm-none-eabi/13.3.0/thumb/v6-m/nofp\libgcc.a
LOAD D:/Env/msys2/ucrt64/bin/../lib/gcc/arm-none-eabi/13.3.0/../../../../arm-none-eabi/lib/thumb/v6-m/nofp\libc_nano.a
LOAD D:/Env/msys2/ucrt64/bin/../lib/gcc/arm-none-eabi/13.3.0/../../../../arm-none-eabi/lib/thumb/v6-m/nofp\libnosys.a
END GROUP
LOAD D:/Env/msys2/ucrt64/bin/../lib/gcc/arm-none-eabi/13.3.0/thumb/v6-m/nofp/crtend.o
LOAD D:/Env/msys2/ucrt64/bin/../lib/gcc/arm-none-eabi/13.3.0/thumb/v6-m/nofp/crtn.o
                0x00000000                        _Min_Heap_Size = 0x0
                0x00000080                        _Min_Stack_Size = 0x80
                0x00000000                        PROVIDE (_intvecs_base_address = DEFINED (_intvecs_base_address)?_intvecs_base_address:0x0)

.intvecs        0x00000000       0xc0
 *(.intvecs)
 .intvecs       0x00000000       0xc0 CMakeFiles/demo.elf.dir/__/__/syscfg/startup_mspm0g350x_gcc.c.obj
                0x00000000                interruptVectors
                0x20200000                        PROVIDE (_vtable_base_address = DEFINED (_vtable_base_address)?_vtable_base_address:0x20200000)

.vtable
 *(.vtable)

.text           0x000000c0     0x32c0
 CREATE_OBJECT_SYMBOLS
 *(.text)
 .text          0x000000c0        0x0 D:/Env/msys2/ucrt64/bin/../lib/gcc/arm-none-eabi/13.3.0/thumb/v6-m/nofp/crti.o
 .text          0x000000c0        0x0 D:/Env/msys2/ucrt64/bin/../lib/gcc/arm-none-eabi/13.3.0/thumb/v6-m/nofp/crtbegin.o
 .text          0x000000c0       0x74 D:/Env/msys2/ucrt64/bin/../lib/gcc/arm-none-eabi/13.3.0/../../../../arm-none-eabi/lib/thumb/v6-m/nofp/crt0.o
                0x000000c0                _stack_init
                0x000000cc                _start
                0x000000cc                _mainCRTStartup
 .text          0x00000134        0x0 CMakeFiles/demo.elf.dir/boot.c.obj
 .text          0x00000134        0x0 CMakeFiles/demo.elf.dir/interrupt.c.obj
 .text          0x00000134        0x0 CMakeFiles/demo.elf.dir/main.c.obj
 .text          0x00000134        0x0 CMakeFiles/demo.elf.dir/__/__/syscfg/startup_mspm0g350x_gcc.c.obj
 .text          0x00000134        0x0 CMakeFiles/demo.elf.dir/__/__/syscfg/ti_msp_dl_config.c.obj
 .text          0x00000134        0x0 ..\bsp\libbsp.a(bsp_uart.c.obj)
 .text          0x00000134        0x0 D:\ti\mspm0_sdk\source\ti\driverlib\lib\gcc\m0p\mspm0g1x0x_g3x0x\driverlib.a(dl_common.o)
 .text          0x00000134        0x0 D:\ti\mspm0_sdk\source\ti\driverlib\lib\gcc\m0p\mspm0g1x0x_g3x0x\driverlib.a(dl_flashctl.o)
 .text          0x00000134        0x0 D:\ti\mspm0_sdk\source\ti\driverlib\lib\gcc\m0p\mspm0g1x0x_g3x0x\driverlib.a(dl_timer.o)
 .text          0x00000134        0x0 D:\ti\mspm0_sdk\source\ti\driverlib\lib\gcc\m0p\mspm0g1x0x_g3x0x\driverlib.a(dl_uart.o)
 .text          0x00000134       0x8c D:/Env/msys2/ucrt64/bin/../lib/gcc/arm-none-eabi/13.3.0/thumb/v6-m/nofp\libgcc.a(_udivsi3.o)
                0x00000134                __aeabi_uidiv
                0x00000134                __udivsi3
                0x000001ac                __aeabi_uidivmod
 .text          0x000001c0       0xa8 D:/Env/msys2/ucrt64/bin/../lib/gcc/arm-none-eabi/13.3.0/thumb/v6-m/nofp\libgcc.a(_divsi3.o)
                0x000001c0                __divsi3
                0x000001c0                __aeabi_idiv
                0x00000254                __aeabi_idivmod
 .text          0x00000268        0x4 D:/Env/msys2/ucrt64/bin/../lib/gcc/arm-none-eabi/13.3.0/thumb/v6-m/nofp\libgcc.a(_dvmd_tls.o)
                0x00000268                __aeabi_idiv0
                0x00000268                __aeabi_ldiv0
 .text          0x0000026c       0x10 D:/Env/msys2/ucrt64/bin/../lib/gcc/arm-none-eabi/13.3.0/../../../../arm-none-eabi/lib/thumb/v6-m/nofp\libg_nano.a(libc_a-atexit.o)
                0x0000026c                atexit
 .text          0x0000027c       0x28 D:/Env/msys2/ucrt64/bin/../lib/gcc/arm-none-eabi/13.3.0/../../../../arm-none-eabi/lib/thumb/v6-m/nofp\libg_nano.a(libc_a-exit.o)
                0x0000027c                exit
 .text          0x000002a4      0x308 D:/Env/msys2/ucrt64/bin/../lib/gcc/arm-none-eabi/13.3.0/../../../../arm-none-eabi/lib/thumb/v6-m/nofp\libg_nano.a(libc_a-findfp.o)
                0x0000044c                __sfp
                0x00000514                __sinit
                0x0000054c                __sfp_lock_acquire
                0x0000055c                __sfp_lock_release
                0x0000056c                __fp_lock_all
                0x0000058c                __fp_unlock_all
 .text          0x000005ac       0x44 D:/Env/msys2/ucrt64/bin/../lib/gcc/arm-none-eabi/13.3.0/../../../../arm-none-eabi/lib/thumb/v6-m/nofp\libg_nano.a(libc_a-fwalk.o)
                0x000005ac                _fwalk_sglue
 .text          0x000005f0       0x40 D:/Env/msys2/ucrt64/bin/../lib/gcc/arm-none-eabi/13.3.0/../../../../arm-none-eabi/lib/thumb/v6-m/nofp\libg_nano.a(libc_a-printf.o)
                0x000005f0                _printf_r
                0x000005f0                _iprintf_r
                0x0000060c                iprintf
                0x0000060c                printf
 .text          0x00000630       0x20 D:/Env/msys2/ucrt64/bin/../lib/gcc/arm-none-eabi/13.3.0/../../../../arm-none-eabi/lib/thumb/v6-m/nofp\libg_nano.a(libc_a-putchar.o)
                0x00000630                _putchar_r
                0x0000063c                putchar
 .text          0x00000650       0xdc D:/Env/msys2/ucrt64/bin/../lib/gcc/arm-none-eabi/13.3.0/../../../../arm-none-eabi/lib/thumb/v6-m/nofp\libg_nano.a(libc_a-puts.o)
                0x00000650                _puts_r
                0x00000718                puts
 .text          0x0000072c      0x190 D:/Env/msys2/ucrt64/bin/../lib/gcc/arm-none-eabi/13.3.0/../../../../arm-none-eabi/lib/thumb/v6-m/nofp\libg_nano.a(libc_a-setvbuf.o)
                0x0000072c                setvbuf
 .text          0x000008bc       0xa8 D:/Env/msys2/ucrt64/bin/../lib/gcc/arm-none-eabi/13.3.0/../../../../arm-none-eabi/lib/thumb/v6-m/nofp\libg_nano.a(libc_a-stdio.o)
                0x000008bc                __sread
                0x000008e4                __seofread
                0x000008e8                __swrite
                0x00000928                __sseek
                0x00000958                __sclose
 .text          0x00000964       0xb4 D:/Env/msys2/ucrt64/bin/../lib/gcc/arm-none-eabi/13.3.0/../../../../arm-none-eabi/lib/thumb/v6-m/nofp\libg_nano.a(libc_a-wbuf.o)
                0x00000964                __swbuf_r
                0x00000a00                __swbuf
 .text          0x00000a18       0xcc D:/Env/msys2/ucrt64/bin/../lib/gcc/arm-none-eabi/13.3.0/../../../../arm-none-eabi/lib/thumb/v6-m/nofp\libg_nano.a(libc_a-wsetup.o)
                0x00000a18                __swsetup_r
 .text          0x00000ae4       0xa8 D:/Env/msys2/ucrt64/bin/../lib/gcc/arm-none-eabi/13.3.0/../../../../arm-none-eabi/lib/thumb/v6-m/nofp\libg_nano.a(libc_a-memset.o)
                0x00000ae4                memset
 .text          0x00000b8c       0x24 D:/Env/msys2/ucrt64/bin/../lib/gcc/arm-none-eabi/13.3.0/../../../../arm-none-eabi/lib/thumb/v6-m/nofp\libg_nano.a(libc_a-closer.o)
                0x00000b8c                _close_r
 .text          0x00000bb0       0xe4 D:/Env/msys2/ucrt64/bin/../lib/gcc/arm-none-eabi/13.3.0/../../../../arm-none-eabi/lib/thumb/v6-m/nofp\libg_nano.a(libc_a-reent.o)
                0x00000bb0                _reclaim_reent
 .text          0x00000c94        0x0 D:/Env/msys2/ucrt64/bin/../lib/gcc/arm-none-eabi/13.3.0/../../../../arm-none-eabi/lib/thumb/v6-m/nofp\libg_nano.a(libc_a-impure.o)
 .text          0x00000c94       0x28 D:/Env/msys2/ucrt64/bin/../lib/gcc/arm-none-eabi/13.3.0/../../../../arm-none-eabi/lib/thumb/v6-m/nofp\libg_nano.a(libc_a-lseekr.o)
                0x00000c94                _lseek_r
 .text          0x00000cbc       0x28 D:/Env/msys2/ucrt64/bin/../lib/gcc/arm-none-eabi/13.3.0/../../../../arm-none-eabi/lib/thumb/v6-m/nofp\libg_nano.a(libc_a-readr.o)
                0x00000cbc                _read_r
 .text          0x00000ce4       0x28 D:/Env/msys2/ucrt64/bin/../lib/gcc/arm-none-eabi/13.3.0/../../../../arm-none-eabi/lib/thumb/v6-m/nofp\libg_nano.a(libc_a-writer.o)
                0x00000ce4                _write_r
 .text          0x00000d0c       0x48 D:/Env/msys2/ucrt64/bin/../lib/gcc/arm-none-eabi/13.3.0/../../../../arm-none-eabi/lib/thumb/v6-m/nofp\libg_nano.a(libc_a-init.o)
                0x00000d0c                __libc_init_array
 .text          0x00000d54       0x28 D:/Env/msys2/ucrt64/bin/../lib/gcc/arm-none-eabi/13.3.0/../../../../arm-none-eabi/lib/thumb/v6-m/nofp\libg_nano.a(libc_a-fini.o)
                0x00000d54                __libc_fini_array
 .text          0x00000d7c       0x28 D:/Env/msys2/ucrt64/bin/../lib/gcc/arm-none-eabi/13.3.0/../../../../arm-none-eabi/lib/thumb/v6-m/nofp\libg_nano.a(libc_a-lock.o)
                0x00000d7c                __retarget_lock_init
                0x00000d80                __retarget_lock_init_recursive
                0x00000d84                __retarget_lock_close
                0x00000d88                __retarget_lock_close_recursive
                0x00000d8c                __retarget_lock_acquire
                0x00000d90                __retarget_lock_acquire_recursive
                0x00000d94                __retarget_lock_try_acquire
                0x00000d98                __retarget_lock_try_acquire_recursive
                0x00000d9c                __retarget_lock_release
                0x00000da0                __retarget_lock_release_recursive
 .text          0x00000da4       0x8c D:/Env/msys2/ucrt64/bin/../lib/gcc/arm-none-eabi/13.3.0/../../../../arm-none-eabi/lib/thumb/v6-m/nofp\libg_nano.a(libc_a-memcpy-stub.o)
                0x00000da4                memcpy
 .text          0x00000e30       0xe4 D:/Env/msys2/ucrt64/bin/../lib/gcc/arm-none-eabi/13.3.0/../../../../arm-none-eabi/lib/thumb/v6-m/nofp\libg_nano.a(libc_a-__atexit.o)
                0x00000e30                __register_exitproc
 .text          0x00000f14       0xe0 D:/Env/msys2/ucrt64/bin/../lib/gcc/arm-none-eabi/13.3.0/../../../../arm-none-eabi/lib/thumb/v6-m/nofp\libg_nano.a(libc_a-__call_atexit.o)
                0x00000f14                __call_exitprocs
 .text          0x00000ff4       0xb8 D:/Env/msys2/ucrt64/bin/../lib/gcc/arm-none-eabi/13.3.0/../../../../arm-none-eabi/lib/thumb/v6-m/nofp\libg_nano.a(libc_a-freer.o)
                0x00000ff4                _free_r
 .text          0x000010ac       0x28 D:/Env/msys2/ucrt64/bin/../lib/gcc/arm-none-eabi/13.3.0/../../../../arm-none-eabi/lib/thumb/v6-m/nofp\libg_nano.a(libc_a-malloc.o)
                0x000010ac                malloc
                0x000010c0                free
 .text          0x000010d4      0x158 D:/Env/msys2/ucrt64/bin/../lib/gcc/arm-none-eabi/13.3.0/../../../../arm-none-eabi/lib/thumb/v6-m/nofp\libg_nano.a(libc_a-mallocr.o)
                0x0000111c                _malloc_r
 .text          0x0000122c       0x20 D:/Env/msys2/ucrt64/bin/../lib/gcc/arm-none-eabi/13.3.0/../../../../arm-none-eabi/lib/thumb/v6-m/nofp\libg_nano.a(libc_a-mlock.o)
                0x0000122c                __malloc_lock
                0x0000123c                __malloc_unlock
 .text          0x0000124c      0x368 D:/Env/msys2/ucrt64/bin/../lib/gcc/arm-none-eabi/13.3.0/../../../../arm-none-eabi/lib/thumb/v6-m/nofp\libg_nano.a(libc_a-nano-vfprintf.o)
                0x00001274                __sfputs_r
                0x000012a0                __sprint_r
                0x000012c0                _vfiprintf_r
                0x000012c0                _vfprintf_r
                0x0000159c                vfprintf
                0x0000159c                vfiprintf
 .text          0x000015b4      0x3a8 D:/Env/msys2/ucrt64/bin/../lib/gcc/arm-none-eabi/13.3.0/../../../../arm-none-eabi/lib/thumb/v6-m/nofp\libg_nano.a(libc_a-nano-vfprintf_i.o)
                0x000015b4                _printf_common
                0x000016fc                _printf_i
 .text          0x0000195c      0x1ac D:/Env/msys2/ucrt64/bin/../lib/gcc/arm-none-eabi/13.3.0/../../../../arm-none-eabi/lib/thumb/v6-m/nofp\libg_nano.a(libc_a-fflush.o)
                0x0000195c                __sflush_r
                0x00001a7c                _fflush_r
                0x00001ad8                fflush
 .text          0x00001b08      0x310 D:/Env/msys2/ucrt64/bin/../lib/gcc/arm-none-eabi/13.3.0/../../../../arm-none-eabi/lib/thumb/v6-m/nofp\libg_nano.a(libc_a-fvwrite.o)
                0x00001b08                __sfvwrite_r
 .text          0x00001e18      0x110 D:/Env/msys2/ucrt64/bin/../lib/gcc/arm-none-eabi/13.3.0/../../../../arm-none-eabi/lib/thumb/v6-m/nofp\libg_nano.a(libc_a-makebuf.o)
                0x00001e18                __smakebuf_r
                0x00001edc                __swhatbuf_r
 .text          0x00001f28       0xf0 D:/Env/msys2/ucrt64/bin/../lib/gcc/arm-none-eabi/13.3.0/../../../../arm-none-eabi/lib/thumb/v6-m/nofp\libg_nano.a(libc_a-putc.o)
                0x00001f28                _putc_r
                0x00001f9c                putc
 .text          0x00002018       0xb0 D:/Env/msys2/ucrt64/bin/../lib/gcc/arm-none-eabi/13.3.0/../../../../arm-none-eabi/lib/thumb/v6-m/nofp\libg_nano.a(libc_a-memmove.o)
                0x00002018                memmove
 .text          0x000020c8       0x28 D:/Env/msys2/ucrt64/bin/../lib/gcc/arm-none-eabi/13.3.0/../../../../arm-none-eabi/lib/thumb/v6-m/nofp\libg_nano.a(libc_a-fstatr.o)
                0x000020c8                _fstat_r
 .text          0x000020f0       0x24 D:/Env/msys2/ucrt64/bin/../lib/gcc/arm-none-eabi/13.3.0/../../../../arm-none-eabi/lib/thumb/v6-m/nofp\libg_nano.a(libc_a-isattyr.o)
                0x000020f0                _isatty_r
 .text          0x00002114       0x24 D:/Env/msys2/ucrt64/bin/../lib/gcc/arm-none-eabi/13.3.0/../../../../arm-none-eabi/lib/thumb/v6-m/nofp\libg_nano.a(libc_a-sbrkr.o)
                0x00002114                _sbrk_r
 .text          0x00002138       0x74 D:/Env/msys2/ucrt64/bin/../lib/gcc/arm-none-eabi/13.3.0/../../../../arm-none-eabi/lib/thumb/v6-m/nofp\libg_nano.a(libc_a-memchr-stub.o)
                0x00002138                memchr
 .text          0x000021ac       0x78 D:/Env/msys2/ucrt64/bin/../lib/gcc/arm-none-eabi/13.3.0/../../../../arm-none-eabi/lib/thumb/v6-m/nofp\libg_nano.a(libc_a-reallocr.o)
                0x000021ac                _realloc_r
 .text          0x00002224       0x14 D:/Env/msys2/ucrt64/bin/../lib/gcc/arm-none-eabi/13.3.0/../../../../arm-none-eabi/lib/thumb/v6-m/nofp\libg_nano.a(libc_a-msizer.o)
                0x00002224                _malloc_usable_size_r
 .text          0x00002238       0x10 D:/Env/msys2/ucrt64/bin/../lib/gcc/arm-none-eabi/13.3.0/../../../../arm-none-eabi/lib/thumb/v6-m/nofp\libnosys.a(close.o)
                0x00002238                _close
 .text          0x00002248       0x10 D:/Env/msys2/ucrt64/bin/../lib/gcc/arm-none-eabi/13.3.0/../../../../arm-none-eabi/lib/thumb/v6-m/nofp\libnosys.a(fstat.o)
                0x00002248                _fstat
 .text          0x00002258       0x10 D:/Env/msys2/ucrt64/bin/../lib/gcc/arm-none-eabi/13.3.0/../../../../arm-none-eabi/lib/thumb/v6-m/nofp\libnosys.a(isatty.o)
                0x00002258                _isatty
 .text          0x00002268       0x10 D:/Env/msys2/ucrt64/bin/../lib/gcc/arm-none-eabi/13.3.0/../../../../arm-none-eabi/lib/thumb/v6-m/nofp\libnosys.a(lseek.o)
                0x00002268                _lseek
 .text          0x00002278       0x10 D:/Env/msys2/ucrt64/bin/../lib/gcc/arm-none-eabi/13.3.0/../../../../arm-none-eabi/lib/thumb/v6-m/nofp\libnosys.a(read.o)
                0x00002278                _read
 .text          0x00002288       0x1c D:/Env/msys2/ucrt64/bin/../lib/gcc/arm-none-eabi/13.3.0/../../../../arm-none-eabi/lib/thumb/v6-m/nofp\libnosys.a(sbrk.o)
                0x00002288                _sbrk
 .text          0x000022a4        0x4 D:/Env/msys2/ucrt64/bin/../lib/gcc/arm-none-eabi/13.3.0/../../../../arm-none-eabi/lib/thumb/v6-m/nofp\libnosys.a(_exit.o)
                0x000022a4                _exit
 .text          0x000022a8        0x0 D:/Env/msys2/ucrt64/bin/../lib/gcc/arm-none-eabi/13.3.0/thumb/v6-m/nofp/crtend.o
 .text          0x000022a8        0x0 D:/Env/msys2/ucrt64/bin/../lib/gcc/arm-none-eabi/13.3.0/thumb/v6-m/nofp/crtn.o
                0x000022a8                        . = ALIGN (0x8)
 *(.text.*)
 .text.__do_global_dtors_aux
                0x000022a8       0x28 D:/Env/msys2/ucrt64/bin/../lib/gcc/arm-none-eabi/13.3.0/thumb/v6-m/nofp/crtbegin.o
 .text.frame_dummy
                0x000022d0       0x20 D:/Env/msys2/ucrt64/bin/../lib/gcc/arm-none-eabi/13.3.0/thumb/v6-m/nofp/crtbegin.o
 .text.__NVIC_DisableIRQ
                0x000022f0       0x44 CMakeFiles/demo.elf.dir/boot.c.obj
 .text.xmodem_CRC16
                0x00002334       0xa4 CMakeFiles/demo.elf.dir/boot.c.obj
                0x00002334                xmodem_CRC16
 .text.xmodem_rec_bin
                0x000023d8      0x148 CMakeFiles/demo.elf.dir/boot.c.obj
                0x000023d8                xmodem_rec_bin
 .text.boot_enter
                0x00002520       0x64 CMakeFiles/demo.elf.dir/boot.c.obj
                0x00002520                boot_enter
 .text.jump_to_app
                0x00002584       0x64 CMakeFiles/demo.elf.dir/boot.c.obj
                0x00002584                jump_to_app
 .text.download_new_app
                0x000025e8      0x124 CMakeFiles/demo.elf.dir/boot.c.obj
                0x000025e8                download_new_app
 .text.DL_Timer_getPendingInterrupt
                0x0000270c       0x1a CMakeFiles/demo.elf.dir/interrupt.c.obj
 .text.DL_UART_getPendingInterrupt
                0x00002726       0x1a CMakeFiles/demo.elf.dir/interrupt.c.obj
 .text.UART0_IRQHandler
                0x00002740       0x74 CMakeFiles/demo.elf.dir/interrupt.c.obj
                0x00002740                UART0_IRQHandler
 .text.TIMA0_IRQHandler
                0x000027b4       0xa0 CMakeFiles/demo.elf.dir/interrupt.c.obj
                0x000027b4                TIMA0_IRQHandler
 .text.__NVIC_EnableIRQ
                0x00002854       0x34 CMakeFiles/demo.elf.dir/main.c.obj
 .text.__NVIC_ClearPendingIRQ
                0x00002888       0x38 CMakeFiles/demo.elf.dir/main.c.obj
 .text.__NVIC_SystemReset
                0x000028c0       0x24 CMakeFiles/demo.elf.dir/main.c.obj
 .text.send_order_tips
                0x000028e4       0x54 CMakeFiles/demo.elf.dir/main.c.obj
                0x000028e4                send_order_tips
 .text.main     0x00002938      0x11c CMakeFiles/demo.elf.dir/main.c.obj
                0x00002938                main
 .text.Reset_Handler
                0x00002a54       0x9c CMakeFiles/demo.elf.dir/__/__/syscfg/startup_mspm0g350x_gcc.c.obj
                0x00002a54                Reset_Handler
 .text.Default_Handler
                0x00002af0        0x8 CMakeFiles/demo.elf.dir/__/__/syscfg/startup_mspm0g350x_gcc.c.obj
                0x00002af0                TIMG6_IRQHandler
                0x00002af0                TIMG8_IRQHandler
                0x00002af0                I2C0_IRQHandler
                0x00002af0                HardFault_Handler
                0x00002af0                SysTick_Handler
                0x00002af0                PendSV_Handler
                0x00002af0                NMI_Handler
                0x00002af0                I2C1_IRQHandler
                0x00002af0                UART1_IRQHandler
                0x00002af0                TIMA1_IRQHandler
                0x00002af0                ADC0_IRQHandler
                0x00002af0                SPI1_IRQHandler
                0x00002af0                TIMG0_IRQHandler
                0x00002af0                ADC1_IRQHandler
                0x00002af0                GROUP1_IRQHandler
                0x00002af0                RTC_IRQHandler
                0x00002af0                GROUP0_IRQHandler
                0x00002af0                UART2_IRQHandler
                0x00002af0                Default_Handler
                0x00002af0                SVC_Handler
                0x00002af0                TIMG12_IRQHandler
                0x00002af0                DAC0_IRQHandler
                0x00002af0                TIMG7_IRQHandler
                0x00002af0                SPI0_IRQHandler
                0x00002af0                AES_IRQHandler
                0x00002af0                DMA_IRQHandler
                0x00002af0                UART3_IRQHandler
                0x00002af0                CANFD0_IRQHandler
 .text.__NVIC_SetPriority
                0x00002af8       0xdc CMakeFiles/demo.elf.dir/__/__/syscfg/ti_msp_dl_config.c.obj
 .text.DL_Common_updateReg
                0x00002bd4       0x32 CMakeFiles/demo.elf.dir/__/__/syscfg/ti_msp_dl_config.c.obj
 *fill*         0x00002c06        0x2 
 .text.DL_SYSCTL_setBORThreshold
                0x00002c08       0x28 CMakeFiles/demo.elf.dir/__/__/syscfg/ti_msp_dl_config.c.obj
 .text.DL_SYSCTL_setSYSOSCFreq
                0x00002c30       0x2c CMakeFiles/demo.elf.dir/__/__/syscfg/ti_msp_dl_config.c.obj
 .text.DL_GPIO_enablePower
                0x00002c5c       0x20 CMakeFiles/demo.elf.dir/__/__/syscfg/ti_msp_dl_config.c.obj
 .text.DL_GPIO_reset
                0x00002c7c       0x20 CMakeFiles/demo.elf.dir/__/__/syscfg/ti_msp_dl_config.c.obj
 .text.DL_GPIO_initDigitalOutput
                0x00002c9c       0x24 CMakeFiles/demo.elf.dir/__/__/syscfg/ti_msp_dl_config.c.obj
 .text.DL_GPIO_initPeripheralOutputFunction
                0x00002cc0       0x28 CMakeFiles/demo.elf.dir/__/__/syscfg/ti_msp_dl_config.c.obj
 .text.DL_GPIO_initPeripheralInputFunction
                0x00002ce8       0x2c CMakeFiles/demo.elf.dir/__/__/syscfg/ti_msp_dl_config.c.obj
 .text.DL_GPIO_clearPins
                0x00002d14       0x1c CMakeFiles/demo.elf.dir/__/__/syscfg/ti_msp_dl_config.c.obj
 .text.DL_GPIO_enableOutput
                0x00002d30       0x20 CMakeFiles/demo.elf.dir/__/__/syscfg/ti_msp_dl_config.c.obj
 .text.DL_Timer_enablePower
                0x00002d50       0x20 CMakeFiles/demo.elf.dir/__/__/syscfg/ti_msp_dl_config.c.obj
 .text.DL_Timer_reset
                0x00002d70       0x20 CMakeFiles/demo.elf.dir/__/__/syscfg/ti_msp_dl_config.c.obj
 .text.DL_Timer_enableClock
                0x00002d90       0x1c CMakeFiles/demo.elf.dir/__/__/syscfg/ti_msp_dl_config.c.obj
 .text.DL_Timer_enableInterrupt
                0x00002dac       0x28 CMakeFiles/demo.elf.dir/__/__/syscfg/ti_msp_dl_config.c.obj
 .text.DL_UART_enablePower
                0x00002dd4       0x20 CMakeFiles/demo.elf.dir/__/__/syscfg/ti_msp_dl_config.c.obj
 .text.DL_UART_reset
                0x00002df4       0x20 CMakeFiles/demo.elf.dir/__/__/syscfg/ti_msp_dl_config.c.obj
 .text.DL_UART_enable
                0x00002e14       0x26 CMakeFiles/demo.elf.dir/__/__/syscfg/ti_msp_dl_config.c.obj
 .text.DL_UART_setOversampling
                0x00002e3a       0x28 CMakeFiles/demo.elf.dir/__/__/syscfg/ti_msp_dl_config.c.obj
 *fill*         0x00002e62        0x2 
 .text.DL_UART_setBaudRateDivisor
                0x00002e64       0x60 CMakeFiles/demo.elf.dir/__/__/syscfg/ti_msp_dl_config.c.obj
 .text.DL_UART_setDigitalPulseWidth
                0x00002ec4       0x28 CMakeFiles/demo.elf.dir/__/__/syscfg/ti_msp_dl_config.c.obj
 .text.DL_UART_enableInterrupt
                0x00002eec       0x28 CMakeFiles/demo.elf.dir/__/__/syscfg/ti_msp_dl_config.c.obj
 .text.SYSCFG_DL_init
                0x00002f14       0x30 CMakeFiles/demo.elf.dir/__/__/syscfg/ti_msp_dl_config.c.obj
                0x00002f14                SYSCFG_DL_init
 .text.SYSCFG_DL_initPower
                0x00002f44       0x60 CMakeFiles/demo.elf.dir/__/__/syscfg/ti_msp_dl_config.c.obj
                0x00002f44                SYSCFG_DL_initPower
 .text.SYSCFG_DL_GPIO_init
                0x00002fa4       0x4c CMakeFiles/demo.elf.dir/__/__/syscfg/ti_msp_dl_config.c.obj
                0x00002fa4                SYSCFG_DL_GPIO_init
 .text.SYSCFG_DL_SYSCTL_init
                0x00002ff0       0x16 CMakeFiles/demo.elf.dir/__/__/syscfg/ti_msp_dl_config.c.obj
                0x00002ff0                SYSCFG_DL_SYSCTL_init
 *fill*         0x00003006        0x2 
 .text.SYSCFG_DL_TIMER_0_init
                0x00003008       0x48 CMakeFiles/demo.elf.dir/__/__/syscfg/ti_msp_dl_config.c.obj
                0x00003008                SYSCFG_DL_TIMER_0_init
 .text.SYSCFG_DL_UART_0_init
                0x00003050       0x70 CMakeFiles/demo.elf.dir/__/__/syscfg/ti_msp_dl_config.c.obj
                0x00003050                SYSCFG_DL_UART_0_init
 .text.SYSCFG_DL_SYSTICK_init
                0x000030c0        0xa CMakeFiles/demo.elf.dir/__/__/syscfg/ti_msp_dl_config.c.obj
                0x000030c0                SYSCFG_DL_SYSTICK_init
 *fill*         0x000030ca        0x2 
 .text.DL_UART_isBusy
                0x000030cc       0x28 ..\bsp\libbsp.a(bsp_uart.c.obj)
 .text.DL_UART_transmitData
                0x000030f4       0x22 ..\bsp\libbsp.a(bsp_uart.c.obj)
 *fill*         0x00003116        0x2 
 .text.uart_send_char
                0x00003118       0x34 ..\bsp\libbsp.a(bsp_uart.c.obj)
 .text._write   0x0000314c       0x38 ..\bsp\libbsp.a(bsp_uart.c.obj)
                0x0000314c                _write
 .text.DL_Common_delayCycles
                0x00003184        0xc D:\ti\mspm0_sdk\source\ti\driverlib\lib\gcc\m0p\mspm0g1x0x_g3x0x\driverlib.a(dl_common.o)
                0x00003184                DL_Common_delayCycles
 .text.DL_FlashCTL_eraseMemoryFromRAM
                0x00003190       0x18 D:\ti\mspm0_sdk\source\ti\driverlib\lib\gcc\m0p\mspm0g1x0x_g3x0x\driverlib.a(dl_flashctl.o)
                0x00003190                DL_FlashCTL_eraseMemoryFromRAM
 .text.DL_FlashCTL_programMemory64WithECCGenerated
                0x000031a8       0x38 D:\ti\mspm0_sdk\source\ti\driverlib\lib\gcc\m0p\mspm0g1x0x_g3x0x\driverlib.a(dl_flashctl.o)
                0x000031a8                DL_FlashCTL_programMemory64WithECCGenerated
 .text.DL_FlashCTL_unprotectMainMemory
                0x000031e0       0x1c D:\ti\mspm0_sdk\source\ti\driverlib\lib\gcc\m0p\mspm0g1x0x_g3x0x\driverlib.a(dl_flashctl.o)
                0x000031e0                DL_FlashCTL_unprotectMainMemory
 .text.DL_FlashCTL_protectMainMemory
                0x000031fc       0x20 D:\ti\mspm0_sdk\source\ti\driverlib\lib\gcc\m0p\mspm0g1x0x_g3x0x\driverlib.a(dl_flashctl.o)
                0x000031fc                DL_FlashCTL_protectMainMemory
 .text.DL_Timer_setClockConfig
                0x0000321c       0x1c D:\ti\mspm0_sdk\source\ti\driverlib\lib\gcc\m0p\mspm0g1x0x_g3x0x\driverlib.a(dl_timer.o)
                0x0000321c                DL_Timer_setClockConfig
 .text.DL_Timer_initTimerMode
                0x00003238       0x8c D:\ti\mspm0_sdk\source\ti\driverlib\lib\gcc\m0p\mspm0g1x0x_g3x0x\driverlib.a(dl_timer.o)
                0x00003238                DL_Timer_initTimerMode
 .text.DL_UART_init
                0x000032c4       0x48 D:\ti\mspm0_sdk\source\ti\driverlib\lib\gcc\m0p\mspm0g1x0x_g3x0x\driverlib.a(dl_uart.o)
                0x000032c4                DL_UART_init
 .text.DL_UART_setClockConfig
                0x0000330c       0x14 D:\ti\mspm0_sdk\source\ti\driverlib\lib\gcc\m0p\mspm0g1x0x_g3x0x\driverlib.a(dl_uart.o)
                0x0000330c                DL_UART_setClockConfig
 .text.DL_UART_receiveDataCheck
                0x00003320       0x20 D:\ti\mspm0_sdk\source\ti\driverlib\lib\gcc\m0p\mspm0g1x0x_g3x0x\driverlib.a(dl_uart.o)
                0x00003320                DL_UART_receiveDataCheck
                0x00003340                        . = ALIGN (0x8)
 *(.ctors)
                0x00003340                        . = ALIGN (0x8)
 *(.dtors)
                0x00003340                        . = ALIGN (0x8)
 *(.init)
 .init          0x00003340        0x4 D:/Env/msys2/ucrt64/bin/../lib/gcc/arm-none-eabi/13.3.0/thumb/v6-m/nofp/crti.o
                0x00003340                _init
 .init          0x00003344        0x8 D:/Env/msys2/ucrt64/bin/../lib/gcc/arm-none-eabi/13.3.0/thumb/v6-m/nofp/crtn.o
                0x00003350                        . = ALIGN (0x8)
 *fill*         0x0000334c        0x4 
 *(.fini*)
 .fini          0x00003350        0x4 D:/Env/msys2/ucrt64/bin/../lib/gcc/arm-none-eabi/13.3.0/thumb/v6-m/nofp/crti.o
                0x00003350                _fini
 .fini_array    0x00003354        0x4 D:/Env/msys2/ucrt64/bin/../lib/gcc/arm-none-eabi/13.3.0/thumb/v6-m/nofp/crtbegin.o
 .fini          0x00003358        0x8 D:/Env/msys2/ucrt64/bin/../lib/gcc/arm-none-eabi/13.3.0/thumb/v6-m/nofp/crtn.o
 .fini.__stub   0x00003360       0x20 linker stubs
                0x00003380                        . = ALIGN (0x8)

.glue_7         0x00003380        0x0
 .glue_7        0x00003380        0x0 linker stubs

.glue_7t        0x00003380        0x0
 .glue_7t       0x00003380        0x0 linker stubs

.vfp11_veneer   0x00003380        0x0
 .vfp11_veneer  0x00003380        0x0 linker stubs

.v4_bx          0x00003380        0x0
 .v4_bx         0x00003380        0x0 linker stubs

.iplt           0x00003380        0x0
 .iplt          0x00003380        0x0 D:/Env/msys2/ucrt64/bin/../lib/gcc/arm-none-eabi/13.3.0/thumb/v6-m/nofp/crtbegin.o

.ramfunc        0x20200000      0x168 load address 0x00003380
                0x00003380                        __ramfunct_load__ = LOADADDR (.ramfunc)
                0x20200000                        __ramfunct_start__ = .
 *(.ramfunc)
 .ramfunc       0x20200000       0xe0 CMakeFiles/demo.elf.dir/boot.c.obj
                0x20200000                erase_flash_region
 .ramfunc       0x202000e0       0x34 D:\ti\mspm0_sdk\source\ti\driverlib\lib\gcc\m0p\mspm0g1x0x_g3x0x\driverlib.a(dl_flashctl.o)
 *fill*         0x20200114        0x4 
 .ramfunc.__stub
                0x20200118       0x50 linker stubs
                0x20200168                        . = ALIGN (0x8)
 *fill*         0x20200168        0x0 
                0x20200168                        __ramfunct_end__ = .

.rodata         0x000034e8      0x240
 *(.rodata)
 .rodata        0x000034e8       0x6d CMakeFiles/demo.elf.dir/boot.c.obj
 *fill*         0x00003555        0x3 
 .rodata        0x00003558       0x5c CMakeFiles/demo.elf.dir/main.c.obj
 .rodata        0x000035b4       0x84 D:/Env/msys2/ucrt64/bin/../lib/gcc/arm-none-eabi/13.3.0/../../../../arm-none-eabi/lib/thumb/v6-m/nofp\libg_nano.a(libc_a-nano-vfprintf_i.o)
                0x00003638                        . = ALIGN (0x8)
 *(.rodata.*)
 .rodata.gTIMER_0ClockConfig
                0x00003638        0x3 CMakeFiles/demo.elf.dir/__/__/syscfg/ti_msp_dl_config.c.obj
 *fill*         0x0000363b        0x1 
 .rodata.gTIMER_0TimerConfig
                0x0000363c       0x14 CMakeFiles/demo.elf.dir/__/__/syscfg/ti_msp_dl_config.c.obj
 .rodata.gUART_0ClockConfig
                0x00003650        0x2 CMakeFiles/demo.elf.dir/__/__/syscfg/ti_msp_dl_config.c.obj
 *fill*         0x00003652        0x2 
 .rodata.gUART_0Config
                0x00003654        0xa CMakeFiles/demo.elf.dir/__/__/syscfg/ti_msp_dl_config.c.obj
 *fill*         0x0000365e        0x2 
 .rodata.DL_Timer_initTimerMode
                0x00003660       0x8c D:\ti\mspm0_sdk\source\ti\driverlib\lib\gcc\m0p\mspm0g1x0x_g3x0x\driverlib.a(dl_timer.o)
 .rodata.str1.4
                0x000036ec       0x39 D:/Env/msys2/ucrt64/bin/../lib/gcc/arm-none-eabi/13.3.0/../../../../arm-none-eabi/lib/thumb/v6-m/nofp\libg_nano.a(libc_a-nano-vfprintf.o)
                                 0x13 (size before relaxing)
 .rodata.str1.4
                0x00003725        0x0 D:/Env/msys2/ucrt64/bin/../lib/gcc/arm-none-eabi/13.3.0/../../../../arm-none-eabi/lib/thumb/v6-m/nofp\libg_nano.a(libc_a-nano-vfprintf_i.o)
                                 0x25 (size before relaxing)
                0x00003728                        . = ALIGN (0x8)
 *fill*         0x00003725        0x3 

.eh_frame       0x00003728        0x0
 .eh_frame      0x00003728        0x0 D:/Env/msys2/ucrt64/bin/../lib/gcc/arm-none-eabi/13.3.0/thumb/v6-m/nofp/crtbegin.o

.preinit_array  0x00003728        0x0
                0x00003728                        PROVIDE (__preinit_array_start = .)
 *(.preinit_array*)
                0x00003728                        PROVIDE (__preinit_array_end = .)

.init_array     0x00003728        0x4
                0x00003728                        . = ALIGN (0x8)
                0x00003728                        PROVIDE (__init_array_start = .)
 *(SORT_BY_NAME(.init_array.*))
 *(.init_array*)
 .init_array    0x00003728        0x4 D:/Env/msys2/ucrt64/bin/../lib/gcc/arm-none-eabi/13.3.0/thumb/v6-m/nofp/crtbegin.o
                0x0000372c                        PROVIDE (__init_array_end = .)

.fini_array     0x0000372c        0x4
                0x00003730                        . = ALIGN (0x8)
 *fill*         0x0000372c        0x4 
                0x00003730                        PROVIDE (__fini_array_start = .)
 *(SORT_BY_NAME(.fini_array.*))
 *(.fini_array*)
                0x00003730                        PROVIDE (__fini_array_end = .)
                0x00003730                        . = ALIGN (0x8)

.ARM.exidx      0x00003730        0x8
                0x00003730                        __exidx_start = .
 *(.ARM.exidx* .gnu.linkonce.armexidx.*)
 .ARM.exidx     0x00003730        0x8 D:/Env/msys2/ucrt64/bin/../lib/gcc/arm-none-eabi/13.3.0/../../../../arm-none-eabi/lib/thumb/v6-m/nofp/crt0.o
                                 0x10 (size before relaxing)
                0x00003738                        __exidx_end = .

.ARM.extab      0x00003738        0x0
                0x00003738                        . = ALIGN (0x8)
 *(.ARM.extab* .gnu.linkonce.armextab.*)
 .ARM.extab     0x00003738        0x0 D:/Env/msys2/ucrt64/bin/../lib/gcc/arm-none-eabi/13.3.0/../../../../arm-none-eabi/lib/thumb/v6-m/nofp/crt0.o
                0x00003738                        . = ALIGN (0x8)
                0x00003738                        __etext = .

.rel.dyn        0x00003738        0x0
 .rel.iplt      0x00003738        0x0 D:/Env/msys2/ucrt64/bin/../lib/gcc/arm-none-eabi/13.3.0/thumb/v6-m/nofp/crtbegin.o

.data           0x20200168       0x68 load address 0x00003738
                0x00003738                        __data_load__ = LOADADDR (.data)
                0x20200168                        __data_start__ = .
 *(.data)
 .data          0x20200168        0x0 D:/Env/msys2/ucrt64/bin/../lib/gcc/arm-none-eabi/13.3.0/thumb/v6-m/nofp/crti.o
 .data          0x20200168        0x0 D:/Env/msys2/ucrt64/bin/../lib/gcc/arm-none-eabi/13.3.0/thumb/v6-m/nofp/crtbegin.o
 .data          0x20200168        0x0 D:/Env/msys2/ucrt64/bin/../lib/gcc/arm-none-eabi/13.3.0/../../../../arm-none-eabi/lib/thumb/v6-m/nofp/crt0.o
 .data          0x20200168        0x0 CMakeFiles/demo.elf.dir/boot.c.obj
 .data          0x20200168        0x0 CMakeFiles/demo.elf.dir/interrupt.c.obj
 .data          0x20200168        0x0 CMakeFiles/demo.elf.dir/main.c.obj
 .data          0x20200168        0x0 CMakeFiles/demo.elf.dir/__/__/syscfg/startup_mspm0g350x_gcc.c.obj
 .data          0x20200168        0x0 CMakeFiles/demo.elf.dir/__/__/syscfg/ti_msp_dl_config.c.obj
 .data          0x20200168        0x0 ..\bsp\libbsp.a(bsp_uart.c.obj)
 .data          0x20200168        0x0 D:\ti\mspm0_sdk\source\ti\driverlib\lib\gcc\m0p\mspm0g1x0x_g3x0x\driverlib.a(dl_common.o)
 .data          0x20200168        0x0 D:\ti\mspm0_sdk\source\ti\driverlib\lib\gcc\m0p\mspm0g1x0x_g3x0x\driverlib.a(dl_flashctl.o)
 .data          0x20200168        0x0 D:\ti\mspm0_sdk\source\ti\driverlib\lib\gcc\m0p\mspm0g1x0x_g3x0x\driverlib.a(dl_timer.o)
 .data          0x20200168        0x0 D:\ti\mspm0_sdk\source\ti\driverlib\lib\gcc\m0p\mspm0g1x0x_g3x0x\driverlib.a(dl_uart.o)
 .data          0x20200168        0x0 D:/Env/msys2/ucrt64/bin/../lib/gcc/arm-none-eabi/13.3.0/thumb/v6-m/nofp\libgcc.a(_udivsi3.o)
 .data          0x20200168        0x0 D:/Env/msys2/ucrt64/bin/../lib/gcc/arm-none-eabi/13.3.0/thumb/v6-m/nofp\libgcc.a(_divsi3.o)
 .data          0x20200168        0x0 D:/Env/msys2/ucrt64/bin/../lib/gcc/arm-none-eabi/13.3.0/thumb/v6-m/nofp\libgcc.a(_dvmd_tls.o)
 .data          0x20200168        0x0 D:/Env/msys2/ucrt64/bin/../lib/gcc/arm-none-eabi/13.3.0/../../../../arm-none-eabi/lib/thumb/v6-m/nofp\libg_nano.a(libc_a-atexit.o)
 .data          0x20200168        0x0 D:/Env/msys2/ucrt64/bin/../lib/gcc/arm-none-eabi/13.3.0/../../../../arm-none-eabi/lib/thumb/v6-m/nofp\libg_nano.a(libc_a-exit.o)
 .data          0x20200168        0xc D:/Env/msys2/ucrt64/bin/../lib/gcc/arm-none-eabi/13.3.0/../../../../arm-none-eabi/lib/thumb/v6-m/nofp\libg_nano.a(libc_a-findfp.o)
                0x20200168                __sglue
 .data          0x20200174        0x0 D:/Env/msys2/ucrt64/bin/../lib/gcc/arm-none-eabi/13.3.0/../../../../arm-none-eabi/lib/thumb/v6-m/nofp\libg_nano.a(libc_a-fwalk.o)
 .data          0x20200174        0x0 D:/Env/msys2/ucrt64/bin/../lib/gcc/arm-none-eabi/13.3.0/../../../../arm-none-eabi/lib/thumb/v6-m/nofp\libg_nano.a(libc_a-printf.o)
 .data          0x20200174        0x0 D:/Env/msys2/ucrt64/bin/../lib/gcc/arm-none-eabi/13.3.0/../../../../arm-none-eabi/lib/thumb/v6-m/nofp\libg_nano.a(libc_a-putchar.o)
 .data          0x20200174        0x0 D:/Env/msys2/ucrt64/bin/../lib/gcc/arm-none-eabi/13.3.0/../../../../arm-none-eabi/lib/thumb/v6-m/nofp\libg_nano.a(libc_a-puts.o)
 .data          0x20200174        0x0 D:/Env/msys2/ucrt64/bin/../lib/gcc/arm-none-eabi/13.3.0/../../../../arm-none-eabi/lib/thumb/v6-m/nofp\libg_nano.a(libc_a-setvbuf.o)
 .data          0x20200174        0x0 D:/Env/msys2/ucrt64/bin/../lib/gcc/arm-none-eabi/13.3.0/../../../../arm-none-eabi/lib/thumb/v6-m/nofp\libg_nano.a(libc_a-stdio.o)
 .data          0x20200174        0x0 D:/Env/msys2/ucrt64/bin/../lib/gcc/arm-none-eabi/13.3.0/../../../../arm-none-eabi/lib/thumb/v6-m/nofp\libg_nano.a(libc_a-wbuf.o)
 .data          0x20200174        0x0 D:/Env/msys2/ucrt64/bin/../lib/gcc/arm-none-eabi/13.3.0/../../../../arm-none-eabi/lib/thumb/v6-m/nofp\libg_nano.a(libc_a-wsetup.o)
 .data          0x20200174        0x0 D:/Env/msys2/ucrt64/bin/../lib/gcc/arm-none-eabi/13.3.0/../../../../arm-none-eabi/lib/thumb/v6-m/nofp\libg_nano.a(libc_a-memset.o)
 .data          0x20200174        0x0 D:/Env/msys2/ucrt64/bin/../lib/gcc/arm-none-eabi/13.3.0/../../../../arm-none-eabi/lib/thumb/v6-m/nofp\libg_nano.a(libc_a-closer.o)
 .data          0x20200174        0x0 D:/Env/msys2/ucrt64/bin/../lib/gcc/arm-none-eabi/13.3.0/../../../../arm-none-eabi/lib/thumb/v6-m/nofp\libg_nano.a(libc_a-reent.o)
 .data          0x20200174       0x50 D:/Env/msys2/ucrt64/bin/../lib/gcc/arm-none-eabi/13.3.0/../../../../arm-none-eabi/lib/thumb/v6-m/nofp\libg_nano.a(libc_a-impure.o)
                0x20200174                _impure_ptr
                0x20200178                _impure_data
 .data          0x202001c4        0x0 D:/Env/msys2/ucrt64/bin/../lib/gcc/arm-none-eabi/13.3.0/../../../../arm-none-eabi/lib/thumb/v6-m/nofp\libg_nano.a(libc_a-lseekr.o)
 .data          0x202001c4        0x0 D:/Env/msys2/ucrt64/bin/../lib/gcc/arm-none-eabi/13.3.0/../../../../arm-none-eabi/lib/thumb/v6-m/nofp\libg_nano.a(libc_a-readr.o)
 .data          0x202001c4        0x0 D:/Env/msys2/ucrt64/bin/../lib/gcc/arm-none-eabi/13.3.0/../../../../arm-none-eabi/lib/thumb/v6-m/nofp\libg_nano.a(libc_a-writer.o)
 .data          0x202001c4        0x0 D:/Env/msys2/ucrt64/bin/../lib/gcc/arm-none-eabi/13.3.0/../../../../arm-none-eabi/lib/thumb/v6-m/nofp\libg_nano.a(libc_a-init.o)
 .data          0x202001c4        0x0 D:/Env/msys2/ucrt64/bin/../lib/gcc/arm-none-eabi/13.3.0/../../../../arm-none-eabi/lib/thumb/v6-m/nofp\libg_nano.a(libc_a-fini.o)
 .data          0x202001c4        0x0 D:/Env/msys2/ucrt64/bin/../lib/gcc/arm-none-eabi/13.3.0/../../../../arm-none-eabi/lib/thumb/v6-m/nofp\libg_nano.a(libc_a-lock.o)
 .data          0x202001c4        0x0 D:/Env/msys2/ucrt64/bin/../lib/gcc/arm-none-eabi/13.3.0/../../../../arm-none-eabi/lib/thumb/v6-m/nofp\libg_nano.a(libc_a-memcpy-stub.o)
 .data          0x202001c4        0x4 D:/Env/msys2/ucrt64/bin/../lib/gcc/arm-none-eabi/13.3.0/../../../../arm-none-eabi/lib/thumb/v6-m/nofp\libg_nano.a(libc_a-__atexit.o)
                0x202001c4                __atexit_dummy
 .data          0x202001c8        0x4 D:/Env/msys2/ucrt64/bin/../lib/gcc/arm-none-eabi/13.3.0/../../../../arm-none-eabi/lib/thumb/v6-m/nofp\libg_nano.a(libc_a-__call_atexit.o)
                0x202001c8                __atexit_recursive_mutex
 .data          0x202001cc        0x0 D:/Env/msys2/ucrt64/bin/../lib/gcc/arm-none-eabi/13.3.0/../../../../arm-none-eabi/lib/thumb/v6-m/nofp\libg_nano.a(libc_a-freer.o)
 .data          0x202001cc        0x0 D:/Env/msys2/ucrt64/bin/../lib/gcc/arm-none-eabi/13.3.0/../../../../arm-none-eabi/lib/thumb/v6-m/nofp\libg_nano.a(libc_a-malloc.o)
 .data          0x202001cc        0x0 D:/Env/msys2/ucrt64/bin/../lib/gcc/arm-none-eabi/13.3.0/../../../../arm-none-eabi/lib/thumb/v6-m/nofp\libg_nano.a(libc_a-mallocr.o)
 .data          0x202001cc        0x0 D:/Env/msys2/ucrt64/bin/../lib/gcc/arm-none-eabi/13.3.0/../../../../arm-none-eabi/lib/thumb/v6-m/nofp\libg_nano.a(libc_a-mlock.o)
 .data          0x202001cc        0x0 D:/Env/msys2/ucrt64/bin/../lib/gcc/arm-none-eabi/13.3.0/../../../../arm-none-eabi/lib/thumb/v6-m/nofp\libg_nano.a(libc_a-nano-vfprintf.o)
 .data          0x202001cc        0x0 D:/Env/msys2/ucrt64/bin/../lib/gcc/arm-none-eabi/13.3.0/../../../../arm-none-eabi/lib/thumb/v6-m/nofp\libg_nano.a(libc_a-nano-vfprintf_i.o)
 .data          0x202001cc        0x0 D:/Env/msys2/ucrt64/bin/../lib/gcc/arm-none-eabi/13.3.0/../../../../arm-none-eabi/lib/thumb/v6-m/nofp\libg_nano.a(libc_a-fflush.o)
 .data          0x202001cc        0x0 D:/Env/msys2/ucrt64/bin/../lib/gcc/arm-none-eabi/13.3.0/../../../../arm-none-eabi/lib/thumb/v6-m/nofp\libg_nano.a(libc_a-fvwrite.o)
 .data          0x202001cc        0x0 D:/Env/msys2/ucrt64/bin/../lib/gcc/arm-none-eabi/13.3.0/../../../../arm-none-eabi/lib/thumb/v6-m/nofp\libg_nano.a(libc_a-makebuf.o)
 .data          0x202001cc        0x0 D:/Env/msys2/ucrt64/bin/../lib/gcc/arm-none-eabi/13.3.0/../../../../arm-none-eabi/lib/thumb/v6-m/nofp\libg_nano.a(libc_a-putc.o)
 .data          0x202001cc        0x0 D:/Env/msys2/ucrt64/bin/../lib/gcc/arm-none-eabi/13.3.0/../../../../arm-none-eabi/lib/thumb/v6-m/nofp\libg_nano.a(libc_a-memmove.o)
 .data          0x202001cc        0x0 D:/Env/msys2/ucrt64/bin/../lib/gcc/arm-none-eabi/13.3.0/../../../../arm-none-eabi/lib/thumb/v6-m/nofp\libg_nano.a(libc_a-fstatr.o)
 .data          0x202001cc        0x0 D:/Env/msys2/ucrt64/bin/../lib/gcc/arm-none-eabi/13.3.0/../../../../arm-none-eabi/lib/thumb/v6-m/nofp\libg_nano.a(libc_a-isattyr.o)
 .data          0x202001cc        0x0 D:/Env/msys2/ucrt64/bin/../lib/gcc/arm-none-eabi/13.3.0/../../../../arm-none-eabi/lib/thumb/v6-m/nofp\libg_nano.a(libc_a-sbrkr.o)
 .data          0x202001cc        0x0 D:/Env/msys2/ucrt64/bin/../lib/gcc/arm-none-eabi/13.3.0/../../../../arm-none-eabi/lib/thumb/v6-m/nofp\libg_nano.a(libc_a-memchr-stub.o)
 .data          0x202001cc        0x0 D:/Env/msys2/ucrt64/bin/../lib/gcc/arm-none-eabi/13.3.0/../../../../arm-none-eabi/lib/thumb/v6-m/nofp\libg_nano.a(libc_a-reallocr.o)
 .data          0x202001cc        0x0 D:/Env/msys2/ucrt64/bin/../lib/gcc/arm-none-eabi/13.3.0/../../../../arm-none-eabi/lib/thumb/v6-m/nofp\libg_nano.a(libc_a-msizer.o)
 .data          0x202001cc        0x0 D:/Env/msys2/ucrt64/bin/../lib/gcc/arm-none-eabi/13.3.0/../../../../arm-none-eabi/lib/thumb/v6-m/nofp\libnosys.a(close.o)
 .data          0x202001cc        0x0 D:/Env/msys2/ucrt64/bin/../lib/gcc/arm-none-eabi/13.3.0/../../../../arm-none-eabi/lib/thumb/v6-m/nofp\libnosys.a(fstat.o)
 .data          0x202001cc        0x0 D:/Env/msys2/ucrt64/bin/../lib/gcc/arm-none-eabi/13.3.0/../../../../arm-none-eabi/lib/thumb/v6-m/nofp\libnosys.a(isatty.o)
 .data          0x202001cc        0x0 D:/Env/msys2/ucrt64/bin/../lib/gcc/arm-none-eabi/13.3.0/../../../../arm-none-eabi/lib/thumb/v6-m/nofp\libnosys.a(lseek.o)
 .data          0x202001cc        0x0 D:/Env/msys2/ucrt64/bin/../lib/gcc/arm-none-eabi/13.3.0/../../../../arm-none-eabi/lib/thumb/v6-m/nofp\libnosys.a(read.o)
 .data          0x202001cc        0x0 D:/Env/msys2/ucrt64/bin/../lib/gcc/arm-none-eabi/13.3.0/../../../../arm-none-eabi/lib/thumb/v6-m/nofp\libnosys.a(sbrk.o)
 .data          0x202001cc        0x0 D:/Env/msys2/ucrt64/bin/../lib/gcc/arm-none-eabi/13.3.0/../../../../arm-none-eabi/lib/thumb/v6-m/nofp\libnosys.a(_exit.o)
 .data          0x202001cc        0x0 D:/Env/msys2/ucrt64/bin/../lib/gcc/arm-none-eabi/13.3.0/thumb/v6-m/nofp/crtend.o
 .data          0x202001cc        0x0 D:/Env/msys2/ucrt64/bin/../lib/gcc/arm-none-eabi/13.3.0/thumb/v6-m/nofp/crtn.o
 *(.data*)
 .data.__dso_handle
                0x202001cc        0x4 D:/Env/msys2/ucrt64/bin/../lib/gcc/arm-none-eabi/13.3.0/thumb/v6-m/nofp/crtbegin.o
                0x202001cc                __dso_handle
                0x202001d0                        . = ALIGN (0x8)
                0x202001d0                        __data_end__ = .

.igot.plt       0x202001d0        0x0 load address 0x000037a0
 .igot.plt      0x202001d0        0x0 D:/Env/msys2/ucrt64/bin/../lib/gcc/arm-none-eabi/13.3.0/thumb/v6-m/nofp/crtbegin.o

.bss            0x202001d0      0x808
                0x202001d0                        __bss_start__ = .
 *(.shbss)
 *(.bss)
 .bss           0x202001d0        0x0 D:/Env/msys2/ucrt64/bin/../lib/gcc/arm-none-eabi/13.3.0/thumb/v6-m/nofp/crti.o
 .bss           0x202001d0        0x0 D:/Env/msys2/ucrt64/bin/../lib/gcc/arm-none-eabi/13.3.0/thumb/v6-m/nofp/crtbegin.o
 .bss           0x202001d0        0x0 D:/Env/msys2/ucrt64/bin/../lib/gcc/arm-none-eabi/13.3.0/../../../../arm-none-eabi/lib/thumb/v6-m/nofp/crt0.o
 .bss           0x202001d0        0x0 CMakeFiles/demo.elf.dir/boot.c.obj
 .bss           0x202001d0        0x0 CMakeFiles/demo.elf.dir/interrupt.c.obj
 .bss           0x202001d0        0x0 CMakeFiles/demo.elf.dir/main.c.obj
 .bss           0x202001d0        0x0 CMakeFiles/demo.elf.dir/__/__/syscfg/startup_mspm0g350x_gcc.c.obj
 .bss           0x202001d0        0x0 CMakeFiles/demo.elf.dir/__/__/syscfg/ti_msp_dl_config.c.obj
 .bss           0x202001d0        0x0 ..\bsp\libbsp.a(bsp_uart.c.obj)
 .bss           0x202001d0        0x0 D:\ti\mspm0_sdk\source\ti\driverlib\lib\gcc\m0p\mspm0g1x0x_g3x0x\driverlib.a(dl_common.o)
 .bss           0x202001d0        0x0 D:\ti\mspm0_sdk\source\ti\driverlib\lib\gcc\m0p\mspm0g1x0x_g3x0x\driverlib.a(dl_flashctl.o)
 .bss           0x202001d0        0x0 D:\ti\mspm0_sdk\source\ti\driverlib\lib\gcc\m0p\mspm0g1x0x_g3x0x\driverlib.a(dl_timer.o)
 .bss           0x202001d0        0x0 D:\ti\mspm0_sdk\source\ti\driverlib\lib\gcc\m0p\mspm0g1x0x_g3x0x\driverlib.a(dl_uart.o)
 .bss           0x202001d0        0x0 D:/Env/msys2/ucrt64/bin/../lib/gcc/arm-none-eabi/13.3.0/thumb/v6-m/nofp\libgcc.a(_udivsi3.o)
 .bss           0x202001d0        0x0 D:/Env/msys2/ucrt64/bin/../lib/gcc/arm-none-eabi/13.3.0/thumb/v6-m/nofp\libgcc.a(_divsi3.o)
 .bss           0x202001d0        0x0 D:/Env/msys2/ucrt64/bin/../lib/gcc/arm-none-eabi/13.3.0/thumb/v6-m/nofp\libgcc.a(_dvmd_tls.o)
 .bss           0x202001d0        0x0 D:/Env/msys2/ucrt64/bin/../lib/gcc/arm-none-eabi/13.3.0/../../../../arm-none-eabi/lib/thumb/v6-m/nofp\libg_nano.a(libc_a-atexit.o)
 .bss           0x202001d0        0x0 D:/Env/msys2/ucrt64/bin/../lib/gcc/arm-none-eabi/13.3.0/../../../../arm-none-eabi/lib/thumb/v6-m/nofp\libg_nano.a(libc_a-exit.o)
 .bss           0x202001d0      0x13c D:/Env/msys2/ucrt64/bin/../lib/gcc/arm-none-eabi/13.3.0/../../../../arm-none-eabi/lib/thumb/v6-m/nofp\libg_nano.a(libc_a-findfp.o)
                0x202001d0                __stdio_exit_handler
                0x202001d4                __sf
 .bss           0x2020030c        0x0 D:/Env/msys2/ucrt64/bin/../lib/gcc/arm-none-eabi/13.3.0/../../../../arm-none-eabi/lib/thumb/v6-m/nofp\libg_nano.a(libc_a-fwalk.o)
 .bss           0x2020030c        0x0 D:/Env/msys2/ucrt64/bin/../lib/gcc/arm-none-eabi/13.3.0/../../../../arm-none-eabi/lib/thumb/v6-m/nofp\libg_nano.a(libc_a-printf.o)
 .bss           0x2020030c        0x0 D:/Env/msys2/ucrt64/bin/../lib/gcc/arm-none-eabi/13.3.0/../../../../arm-none-eabi/lib/thumb/v6-m/nofp\libg_nano.a(libc_a-putchar.o)
 .bss           0x2020030c        0x0 D:/Env/msys2/ucrt64/bin/../lib/gcc/arm-none-eabi/13.3.0/../../../../arm-none-eabi/lib/thumb/v6-m/nofp\libg_nano.a(libc_a-puts.o)
 .bss           0x2020030c        0x0 D:/Env/msys2/ucrt64/bin/../lib/gcc/arm-none-eabi/13.3.0/../../../../arm-none-eabi/lib/thumb/v6-m/nofp\libg_nano.a(libc_a-setvbuf.o)
 .bss           0x2020030c        0x0 D:/Env/msys2/ucrt64/bin/../lib/gcc/arm-none-eabi/13.3.0/../../../../arm-none-eabi/lib/thumb/v6-m/nofp\libg_nano.a(libc_a-stdio.o)
 .bss           0x2020030c        0x0 D:/Env/msys2/ucrt64/bin/../lib/gcc/arm-none-eabi/13.3.0/../../../../arm-none-eabi/lib/thumb/v6-m/nofp\libg_nano.a(libc_a-wbuf.o)
 .bss           0x2020030c        0x0 D:/Env/msys2/ucrt64/bin/../lib/gcc/arm-none-eabi/13.3.0/../../../../arm-none-eabi/lib/thumb/v6-m/nofp\libg_nano.a(libc_a-wsetup.o)
 .bss           0x2020030c        0x0 D:/Env/msys2/ucrt64/bin/../lib/gcc/arm-none-eabi/13.3.0/../../../../arm-none-eabi/lib/thumb/v6-m/nofp\libg_nano.a(libc_a-memset.o)
 .bss           0x2020030c        0x0 D:/Env/msys2/ucrt64/bin/../lib/gcc/arm-none-eabi/13.3.0/../../../../arm-none-eabi/lib/thumb/v6-m/nofp\libg_nano.a(libc_a-closer.o)
 .bss           0x2020030c        0x4 D:/Env/msys2/ucrt64/bin/../lib/gcc/arm-none-eabi/13.3.0/../../../../arm-none-eabi/lib/thumb/v6-m/nofp\libg_nano.a(libc_a-reent.o)
                0x2020030c                errno
 .bss           0x20200310        0x0 D:/Env/msys2/ucrt64/bin/../lib/gcc/arm-none-eabi/13.3.0/../../../../arm-none-eabi/lib/thumb/v6-m/nofp\libg_nano.a(libc_a-impure.o)
 .bss           0x20200310        0x0 D:/Env/msys2/ucrt64/bin/../lib/gcc/arm-none-eabi/13.3.0/../../../../arm-none-eabi/lib/thumb/v6-m/nofp\libg_nano.a(libc_a-lseekr.o)
 .bss           0x20200310        0x0 D:/Env/msys2/ucrt64/bin/../lib/gcc/arm-none-eabi/13.3.0/../../../../arm-none-eabi/lib/thumb/v6-m/nofp\libg_nano.a(libc_a-readr.o)
 .bss           0x20200310        0x0 D:/Env/msys2/ucrt64/bin/../lib/gcc/arm-none-eabi/13.3.0/../../../../arm-none-eabi/lib/thumb/v6-m/nofp\libg_nano.a(libc_a-writer.o)
 .bss           0x20200310        0x0 D:/Env/msys2/ucrt64/bin/../lib/gcc/arm-none-eabi/13.3.0/../../../../arm-none-eabi/lib/thumb/v6-m/nofp\libg_nano.a(libc_a-init.o)
 .bss           0x20200310        0x0 D:/Env/msys2/ucrt64/bin/../lib/gcc/arm-none-eabi/13.3.0/../../../../arm-none-eabi/lib/thumb/v6-m/nofp\libg_nano.a(libc_a-fini.o)
 .bss           0x20200310       0x1d D:/Env/msys2/ucrt64/bin/../lib/gcc/arm-none-eabi/13.3.0/../../../../arm-none-eabi/lib/thumb/v6-m/nofp\libg_nano.a(libc_a-lock.o)
                0x20200310                __lock___arc4random_mutex
                0x20200314                __lock___dd_hash_mutex
                0x20200318                __lock___tz_mutex
                0x2020031c                __lock___env_recursive_mutex
                0x20200320                __lock___malloc_recursive_mutex
                0x20200324                __lock___at_quick_exit_mutex
                0x20200328                __lock___atexit_recursive_mutex
                0x2020032c                __lock___sfp_recursive_mutex
 .bss           0x2020032d        0x0 D:/Env/msys2/ucrt64/bin/../lib/gcc/arm-none-eabi/13.3.0/../../../../arm-none-eabi/lib/thumb/v6-m/nofp\libg_nano.a(libc_a-memcpy-stub.o)
 *fill*         0x2020032d        0x3 
 .bss           0x20200330       0x8c D:/Env/msys2/ucrt64/bin/../lib/gcc/arm-none-eabi/13.3.0/../../../../arm-none-eabi/lib/thumb/v6-m/nofp\libg_nano.a(libc_a-__atexit.o)
                0x20200330                __atexit0
 .bss           0x202003bc        0x4 D:/Env/msys2/ucrt64/bin/../lib/gcc/arm-none-eabi/13.3.0/../../../../arm-none-eabi/lib/thumb/v6-m/nofp\libg_nano.a(libc_a-__call_atexit.o)
                0x202003bc                __atexit
 .bss           0x202003c0        0x0 D:/Env/msys2/ucrt64/bin/../lib/gcc/arm-none-eabi/13.3.0/../../../../arm-none-eabi/lib/thumb/v6-m/nofp\libg_nano.a(libc_a-freer.o)
 .bss           0x202003c0        0x0 D:/Env/msys2/ucrt64/bin/../lib/gcc/arm-none-eabi/13.3.0/../../../../arm-none-eabi/lib/thumb/v6-m/nofp\libg_nano.a(libc_a-malloc.o)
 .bss           0x202003c0        0x8 D:/Env/msys2/ucrt64/bin/../lib/gcc/arm-none-eabi/13.3.0/../../../../arm-none-eabi/lib/thumb/v6-m/nofp\libg_nano.a(libc_a-mallocr.o)
                0x202003c0                __malloc_sbrk_start
                0x202003c4                __malloc_free_list
 .bss           0x202003c8        0x0 D:/Env/msys2/ucrt64/bin/../lib/gcc/arm-none-eabi/13.3.0/../../../../arm-none-eabi/lib/thumb/v6-m/nofp\libg_nano.a(libc_a-mlock.o)
 .bss           0x202003c8        0x0 D:/Env/msys2/ucrt64/bin/../lib/gcc/arm-none-eabi/13.3.0/../../../../arm-none-eabi/lib/thumb/v6-m/nofp\libg_nano.a(libc_a-nano-vfprintf.o)
 .bss           0x202003c8        0x0 D:/Env/msys2/ucrt64/bin/../lib/gcc/arm-none-eabi/13.3.0/../../../../arm-none-eabi/lib/thumb/v6-m/nofp\libg_nano.a(libc_a-nano-vfprintf_i.o)
 .bss           0x202003c8        0x0 D:/Env/msys2/ucrt64/bin/../lib/gcc/arm-none-eabi/13.3.0/../../../../arm-none-eabi/lib/thumb/v6-m/nofp\libg_nano.a(libc_a-fflush.o)
 .bss           0x202003c8        0x0 D:/Env/msys2/ucrt64/bin/../lib/gcc/arm-none-eabi/13.3.0/../../../../arm-none-eabi/lib/thumb/v6-m/nofp\libg_nano.a(libc_a-fvwrite.o)
 .bss           0x202003c8        0x0 D:/Env/msys2/ucrt64/bin/../lib/gcc/arm-none-eabi/13.3.0/../../../../arm-none-eabi/lib/thumb/v6-m/nofp\libg_nano.a(libc_a-makebuf.o)
 .bss           0x202003c8        0x0 D:/Env/msys2/ucrt64/bin/../lib/gcc/arm-none-eabi/13.3.0/../../../../arm-none-eabi/lib/thumb/v6-m/nofp\libg_nano.a(libc_a-putc.o)
 .bss           0x202003c8        0x0 D:/Env/msys2/ucrt64/bin/../lib/gcc/arm-none-eabi/13.3.0/../../../../arm-none-eabi/lib/thumb/v6-m/nofp\libg_nano.a(libc_a-memmove.o)
 .bss           0x202003c8        0x0 D:/Env/msys2/ucrt64/bin/../lib/gcc/arm-none-eabi/13.3.0/../../../../arm-none-eabi/lib/thumb/v6-m/nofp\libg_nano.a(libc_a-fstatr.o)
 .bss           0x202003c8        0x0 D:/Env/msys2/ucrt64/bin/../lib/gcc/arm-none-eabi/13.3.0/../../../../arm-none-eabi/lib/thumb/v6-m/nofp\libg_nano.a(libc_a-isattyr.o)
 .bss           0x202003c8        0x0 D:/Env/msys2/ucrt64/bin/../lib/gcc/arm-none-eabi/13.3.0/../../../../arm-none-eabi/lib/thumb/v6-m/nofp\libg_nano.a(libc_a-sbrkr.o)
 .bss           0x202003c8        0x0 D:/Env/msys2/ucrt64/bin/../lib/gcc/arm-none-eabi/13.3.0/../../../../arm-none-eabi/lib/thumb/v6-m/nofp\libg_nano.a(libc_a-memchr-stub.o)
 .bss           0x202003c8        0x0 D:/Env/msys2/ucrt64/bin/../lib/gcc/arm-none-eabi/13.3.0/../../../../arm-none-eabi/lib/thumb/v6-m/nofp\libg_nano.a(libc_a-reallocr.o)
 .bss           0x202003c8        0x0 D:/Env/msys2/ucrt64/bin/../lib/gcc/arm-none-eabi/13.3.0/../../../../arm-none-eabi/lib/thumb/v6-m/nofp\libg_nano.a(libc_a-msizer.o)
 .bss           0x202003c8        0x0 D:/Env/msys2/ucrt64/bin/../lib/gcc/arm-none-eabi/13.3.0/../../../../arm-none-eabi/lib/thumb/v6-m/nofp\libnosys.a(close.o)
 .bss           0x202003c8        0x0 D:/Env/msys2/ucrt64/bin/../lib/gcc/arm-none-eabi/13.3.0/../../../../arm-none-eabi/lib/thumb/v6-m/nofp\libnosys.a(fstat.o)
 .bss           0x202003c8        0x0 D:/Env/msys2/ucrt64/bin/../lib/gcc/arm-none-eabi/13.3.0/../../../../arm-none-eabi/lib/thumb/v6-m/nofp\libnosys.a(isatty.o)
 .bss           0x202003c8        0x0 D:/Env/msys2/ucrt64/bin/../lib/gcc/arm-none-eabi/13.3.0/../../../../arm-none-eabi/lib/thumb/v6-m/nofp\libnosys.a(lseek.o)
 .bss           0x202003c8        0x0 D:/Env/msys2/ucrt64/bin/../lib/gcc/arm-none-eabi/13.3.0/../../../../arm-none-eabi/lib/thumb/v6-m/nofp\libnosys.a(read.o)
 .bss           0x202003c8        0x4 D:/Env/msys2/ucrt64/bin/../lib/gcc/arm-none-eabi/13.3.0/../../../../arm-none-eabi/lib/thumb/v6-m/nofp\libnosys.a(sbrk.o)
 .bss           0x202003cc        0x0 D:/Env/msys2/ucrt64/bin/../lib/gcc/arm-none-eabi/13.3.0/../../../../arm-none-eabi/lib/thumb/v6-m/nofp\libnosys.a(_exit.o)
 .bss           0x202003cc        0x0 D:/Env/msys2/ucrt64/bin/../lib/gcc/arm-none-eabi/13.3.0/thumb/v6-m/nofp/crtend.o
 .bss           0x202003cc        0x0 D:/Env/msys2/ucrt64/bin/../lib/gcc/arm-none-eabi/13.3.0/thumb/v6-m/nofp/crtn.o
 *(.bss.*)
 .bss.completed.1
                0x202003cc        0x1 D:/Env/msys2/ucrt64/bin/../lib/gcc/arm-none-eabi/13.3.0/thumb/v6-m/nofp/crtbegin.o
 *fill*         0x202003cd        0x3 
 .bss.object.0  0x202003d0       0x18 D:/Env/msys2/ucrt64/bin/../lib/gcc/arm-none-eabi/13.3.0/thumb/v6-m/nofp/crtbegin.o
 .bss.boot0     0x202003e8      0x410 CMakeFiles/demo.elf.dir/boot.c.obj
                0x202003e8                boot0
 .bss.gTIMER_0Backup
                0x202007f8       0xbc CMakeFiles/demo.elf.dir/__/__/syscfg/ti_msp_dl_config.c.obj
                0x202007f8                gTIMER_0Backup
 .bss.u0        0x202008b4      0x124 ..\bsp\libbsp.a(bsp_uart.c.obj)
                0x202008b4                u0
 *(COMMON)
                0x202009d8                        . = ALIGN (0x8)
                0x202009d8                        __bss_end__ = .

.noinit         0x202009d8        0x0
 *(*.noinit*)
                0x202009d8                        . = ALIGN (0x8)

.heap           0x202009d8        0x0
                0x202009d8                        __heap_start__ = .
                0x202009d8                        end = __heap_start__
                0x202009d8                        _end = end
                0x202009d8                        __end = end
 *(.heap)
                0x202009d8                        __heap_end__ = .
                0x202009d8                        __HeapLimit = __heap_end__

.stack          0x202009d8        0x0
                0x202009d8                        _stack = .
 *(.stack)

.BCRConfig
 *(.BCRConfig)

.BSLConfig
 *(.BSLConfig)
                0x20208000                        __StackTop = (ORIGIN (REGION_STACK) + LENGTH (REGION_STACK))
                0x20208000                        PROVIDE (__stack = __StackTop)
OUTPUT(..\..\out\demo.elf elf32-littlearm)
LOAD linker stubs

.ARM.attributes
                0x00000000       0x28
 .ARM.attributes
                0x00000000       0x1e D:/Env/msys2/ucrt64/bin/../lib/gcc/arm-none-eabi/13.3.0/thumb/v6-m/nofp/crti.o
 .ARM.attributes
                0x0000001e       0x2c D:/Env/msys2/ucrt64/bin/../lib/gcc/arm-none-eabi/13.3.0/thumb/v6-m/nofp/crtbegin.o
 .ARM.attributes
                0x0000004a       0x1b D:/Env/msys2/ucrt64/bin/../lib/gcc/arm-none-eabi/13.3.0/../../../../arm-none-eabi/lib/thumb/v6-m/nofp/crt0.o
 .ARM.attributes
                0x00000065       0x2c CMakeFiles/demo.elf.dir/boot.c.obj
 .ARM.attributes
                0x00000091       0x2c CMakeFiles/demo.elf.dir/interrupt.c.obj
 .ARM.attributes
                0x000000bd       0x2c CMakeFiles/demo.elf.dir/main.c.obj
 .ARM.attributes
                0x000000e9       0x2c CMakeFiles/demo.elf.dir/__/__/syscfg/startup_mspm0g350x_gcc.c.obj
 .ARM.attributes
                0x00000115       0x2c CMakeFiles/demo.elf.dir/__/__/syscfg/ti_msp_dl_config.c.obj
 .ARM.attributes
                0x00000141       0x2c ..\bsp\libbsp.a(bsp_uart.c.obj)
 .ARM.attributes
                0x0000016d       0x2b D:\ti\mspm0_sdk\source\ti\driverlib\lib\gcc\m0p\mspm0g1x0x_g3x0x\driverlib.a(dl_common.o)
 .ARM.attributes
                0x00000198       0x2b D:\ti\mspm0_sdk\source\ti\driverlib\lib\gcc\m0p\mspm0g1x0x_g3x0x\driverlib.a(dl_flashctl.o)
 .ARM.attributes
                0x000001c3       0x2b D:\ti\mspm0_sdk\source\ti\driverlib\lib\gcc\m0p\mspm0g1x0x_g3x0x\driverlib.a(dl_timer.o)
 .ARM.attributes
                0x000001ee       0x2b D:\ti\mspm0_sdk\source\ti\driverlib\lib\gcc\m0p\mspm0g1x0x_g3x0x\driverlib.a(dl_uart.o)
 .ARM.attributes
                0x00000219       0x1e D:/Env/msys2/ucrt64/bin/../lib/gcc/arm-none-eabi/13.3.0/thumb/v6-m/nofp\libgcc.a(_udivsi3.o)
 .ARM.attributes
                0x00000237       0x1e D:/Env/msys2/ucrt64/bin/../lib/gcc/arm-none-eabi/13.3.0/thumb/v6-m/nofp\libgcc.a(_divsi3.o)
 .ARM.attributes
                0x00000255       0x1e D:/Env/msys2/ucrt64/bin/../lib/gcc/arm-none-eabi/13.3.0/thumb/v6-m/nofp\libgcc.a(_dvmd_tls.o)
 .ARM.attributes
                0x00000273       0x2c D:/Env/msys2/ucrt64/bin/../lib/gcc/arm-none-eabi/13.3.0/../../../../arm-none-eabi/lib/thumb/v6-m/nofp\libg_nano.a(libc_a-atexit.o)
 .ARM.attributes
                0x0000029f       0x2c D:/Env/msys2/ucrt64/bin/../lib/gcc/arm-none-eabi/13.3.0/../../../../arm-none-eabi/lib/thumb/v6-m/nofp\libg_nano.a(libc_a-exit.o)
 .ARM.attributes
                0x000002cb       0x2c D:/Env/msys2/ucrt64/bin/../lib/gcc/arm-none-eabi/13.3.0/../../../../arm-none-eabi/lib/thumb/v6-m/nofp\libg_nano.a(libc_a-findfp.o)
 .ARM.attributes
                0x000002f7       0x2c D:/Env/msys2/ucrt64/bin/../lib/gcc/arm-none-eabi/13.3.0/../../../../arm-none-eabi/lib/thumb/v6-m/nofp\libg_nano.a(libc_a-fwalk.o)
 .ARM.attributes
                0x00000323       0x2c D:/Env/msys2/ucrt64/bin/../lib/gcc/arm-none-eabi/13.3.0/../../../../arm-none-eabi/lib/thumb/v6-m/nofp\libg_nano.a(libc_a-printf.o)
 .ARM.attributes
                0x0000034f       0x2c D:/Env/msys2/ucrt64/bin/../lib/gcc/arm-none-eabi/13.3.0/../../../../arm-none-eabi/lib/thumb/v6-m/nofp\libg_nano.a(libc_a-putchar.o)
 .ARM.attributes
                0x0000037b       0x2c D:/Env/msys2/ucrt64/bin/../lib/gcc/arm-none-eabi/13.3.0/../../../../arm-none-eabi/lib/thumb/v6-m/nofp\libg_nano.a(libc_a-puts.o)
 .ARM.attributes
                0x000003a7       0x2c D:/Env/msys2/ucrt64/bin/../lib/gcc/arm-none-eabi/13.3.0/../../../../arm-none-eabi/lib/thumb/v6-m/nofp\libg_nano.a(libc_a-setvbuf.o)
 .ARM.attributes
                0x000003d3       0x2c D:/Env/msys2/ucrt64/bin/../lib/gcc/arm-none-eabi/13.3.0/../../../../arm-none-eabi/lib/thumb/v6-m/nofp\libg_nano.a(libc_a-stdio.o)
 .ARM.attributes
                0x000003ff       0x2c D:/Env/msys2/ucrt64/bin/../lib/gcc/arm-none-eabi/13.3.0/../../../../arm-none-eabi/lib/thumb/v6-m/nofp\libg_nano.a(libc_a-wbuf.o)
 .ARM.attributes
                0x0000042b       0x2c D:/Env/msys2/ucrt64/bin/../lib/gcc/arm-none-eabi/13.3.0/../../../../arm-none-eabi/lib/thumb/v6-m/nofp\libg_nano.a(libc_a-wsetup.o)
 .ARM.attributes
                0x00000457       0x2c D:/Env/msys2/ucrt64/bin/../lib/gcc/arm-none-eabi/13.3.0/../../../../arm-none-eabi/lib/thumb/v6-m/nofp\libg_nano.a(libc_a-memset.o)
 .ARM.attributes
                0x00000483       0x2c D:/Env/msys2/ucrt64/bin/../lib/gcc/arm-none-eabi/13.3.0/../../../../arm-none-eabi/lib/thumb/v6-m/nofp\libg_nano.a(libc_a-closer.o)
 .ARM.attributes
                0x000004af       0x2c D:/Env/msys2/ucrt64/bin/../lib/gcc/arm-none-eabi/13.3.0/../../../../arm-none-eabi/lib/thumb/v6-m/nofp\libg_nano.a(libc_a-reent.o)
 .ARM.attributes
                0x000004db       0x2c D:/Env/msys2/ucrt64/bin/../lib/gcc/arm-none-eabi/13.3.0/../../../../arm-none-eabi/lib/thumb/v6-m/nofp\libg_nano.a(libc_a-impure.o)
 .ARM.attributes
                0x00000507       0x2c D:/Env/msys2/ucrt64/bin/../lib/gcc/arm-none-eabi/13.3.0/../../../../arm-none-eabi/lib/thumb/v6-m/nofp\libg_nano.a(libc_a-lseekr.o)
 .ARM.attributes
                0x00000533       0x2c D:/Env/msys2/ucrt64/bin/../lib/gcc/arm-none-eabi/13.3.0/../../../../arm-none-eabi/lib/thumb/v6-m/nofp\libg_nano.a(libc_a-readr.o)
 .ARM.attributes
                0x0000055f       0x2c D:/Env/msys2/ucrt64/bin/../lib/gcc/arm-none-eabi/13.3.0/../../../../arm-none-eabi/lib/thumb/v6-m/nofp\libg_nano.a(libc_a-writer.o)
 .ARM.attributes
                0x0000058b       0x2c D:/Env/msys2/ucrt64/bin/../lib/gcc/arm-none-eabi/13.3.0/../../../../arm-none-eabi/lib/thumb/v6-m/nofp\libg_nano.a(libc_a-init.o)
 .ARM.attributes
                0x000005b7       0x2c D:/Env/msys2/ucrt64/bin/../lib/gcc/arm-none-eabi/13.3.0/../../../../arm-none-eabi/lib/thumb/v6-m/nofp\libg_nano.a(libc_a-fini.o)
 .ARM.attributes
                0x000005e3       0x2c D:/Env/msys2/ucrt64/bin/../lib/gcc/arm-none-eabi/13.3.0/../../../../arm-none-eabi/lib/thumb/v6-m/nofp\libg_nano.a(libc_a-lock.o)
 .ARM.attributes
                0x0000060f       0x2c D:/Env/msys2/ucrt64/bin/../lib/gcc/arm-none-eabi/13.3.0/../../../../arm-none-eabi/lib/thumb/v6-m/nofp\libg_nano.a(libc_a-memcpy-stub.o)
 .ARM.attributes
                0x0000063b       0x2c D:/Env/msys2/ucrt64/bin/../lib/gcc/arm-none-eabi/13.3.0/../../../../arm-none-eabi/lib/thumb/v6-m/nofp\libg_nano.a(libc_a-__atexit.o)
 .ARM.attributes
                0x00000667       0x2c D:/Env/msys2/ucrt64/bin/../lib/gcc/arm-none-eabi/13.3.0/../../../../arm-none-eabi/lib/thumb/v6-m/nofp\libg_nano.a(libc_a-__call_atexit.o)
 .ARM.attributes
                0x00000693       0x2c D:/Env/msys2/ucrt64/bin/../lib/gcc/arm-none-eabi/13.3.0/../../../../arm-none-eabi/lib/thumb/v6-m/nofp\libg_nano.a(libc_a-freer.o)
 .ARM.attributes
                0x000006bf       0x2c D:/Env/msys2/ucrt64/bin/../lib/gcc/arm-none-eabi/13.3.0/../../../../arm-none-eabi/lib/thumb/v6-m/nofp\libg_nano.a(libc_a-malloc.o)
 .ARM.attributes
                0x000006eb       0x2c D:/Env/msys2/ucrt64/bin/../lib/gcc/arm-none-eabi/13.3.0/../../../../arm-none-eabi/lib/thumb/v6-m/nofp\libg_nano.a(libc_a-mallocr.o)
 .ARM.attributes
                0x00000717       0x2c D:/Env/msys2/ucrt64/bin/../lib/gcc/arm-none-eabi/13.3.0/../../../../arm-none-eabi/lib/thumb/v6-m/nofp\libg_nano.a(libc_a-mlock.o)
 .ARM.attributes
                0x00000743       0x2c D:/Env/msys2/ucrt64/bin/../lib/gcc/arm-none-eabi/13.3.0/../../../../arm-none-eabi/lib/thumb/v6-m/nofp\libg_nano.a(libc_a-nano-vfprintf.o)
 .ARM.attributes
                0x0000076f       0x2c D:/Env/msys2/ucrt64/bin/../lib/gcc/arm-none-eabi/13.3.0/../../../../arm-none-eabi/lib/thumb/v6-m/nofp\libg_nano.a(libc_a-nano-vfprintf_i.o)
 .ARM.attributes
                0x0000079b       0x2c D:/Env/msys2/ucrt64/bin/../lib/gcc/arm-none-eabi/13.3.0/../../../../arm-none-eabi/lib/thumb/v6-m/nofp\libg_nano.a(libc_a-fflush.o)
 .ARM.attributes
                0x000007c7       0x2c D:/Env/msys2/ucrt64/bin/../lib/gcc/arm-none-eabi/13.3.0/../../../../arm-none-eabi/lib/thumb/v6-m/nofp\libg_nano.a(libc_a-fvwrite.o)
 .ARM.attributes
                0x000007f3       0x2c D:/Env/msys2/ucrt64/bin/../lib/gcc/arm-none-eabi/13.3.0/../../../../arm-none-eabi/lib/thumb/v6-m/nofp\libg_nano.a(libc_a-makebuf.o)
 .ARM.attributes
                0x0000081f       0x2c D:/Env/msys2/ucrt64/bin/../lib/gcc/arm-none-eabi/13.3.0/../../../../arm-none-eabi/lib/thumb/v6-m/nofp\libg_nano.a(libc_a-putc.o)
 .ARM.attributes
                0x0000084b       0x2c D:/Env/msys2/ucrt64/bin/../lib/gcc/arm-none-eabi/13.3.0/../../../../arm-none-eabi/lib/thumb/v6-m/nofp\libg_nano.a(libc_a-memmove.o)
 .ARM.attributes
                0x00000877       0x2c D:/Env/msys2/ucrt64/bin/../lib/gcc/arm-none-eabi/13.3.0/../../../../arm-none-eabi/lib/thumb/v6-m/nofp\libg_nano.a(libc_a-fstatr.o)
 .ARM.attributes
                0x000008a3       0x2c D:/Env/msys2/ucrt64/bin/../lib/gcc/arm-none-eabi/13.3.0/../../../../arm-none-eabi/lib/thumb/v6-m/nofp\libg_nano.a(libc_a-isattyr.o)
 .ARM.attributes
                0x000008cf       0x2c D:/Env/msys2/ucrt64/bin/../lib/gcc/arm-none-eabi/13.3.0/../../../../arm-none-eabi/lib/thumb/v6-m/nofp\libg_nano.a(libc_a-sbrkr.o)
 .ARM.attributes
                0x000008fb       0x2c D:/Env/msys2/ucrt64/bin/../lib/gcc/arm-none-eabi/13.3.0/../../../../arm-none-eabi/lib/thumb/v6-m/nofp\libg_nano.a(libc_a-memchr-stub.o)
 .ARM.attributes
                0x00000927       0x2c D:/Env/msys2/ucrt64/bin/../lib/gcc/arm-none-eabi/13.3.0/../../../../arm-none-eabi/lib/thumb/v6-m/nofp\libg_nano.a(libc_a-reallocr.o)
 .ARM.attributes
                0x00000953       0x2c D:/Env/msys2/ucrt64/bin/../lib/gcc/arm-none-eabi/13.3.0/../../../../arm-none-eabi/lib/thumb/v6-m/nofp\libg_nano.a(libc_a-msizer.o)
 .ARM.attributes
                0x0000097f       0x2c D:/Env/msys2/ucrt64/bin/../lib/gcc/arm-none-eabi/13.3.0/../../../../arm-none-eabi/lib/thumb/v6-m/nofp\libnosys.a(close.o)
 .ARM.attributes
                0x000009ab       0x2c D:/Env/msys2/ucrt64/bin/../lib/gcc/arm-none-eabi/13.3.0/../../../../arm-none-eabi/lib/thumb/v6-m/nofp\libnosys.a(fstat.o)
 .ARM.attributes
                0x000009d7       0x2c D:/Env/msys2/ucrt64/bin/../lib/gcc/arm-none-eabi/13.3.0/../../../../arm-none-eabi/lib/thumb/v6-m/nofp\libnosys.a(isatty.o)
 .ARM.attributes
                0x00000a03       0x2c D:/Env/msys2/ucrt64/bin/../lib/gcc/arm-none-eabi/13.3.0/../../../../arm-none-eabi/lib/thumb/v6-m/nofp\libnosys.a(lseek.o)
 .ARM.attributes
                0x00000a2f       0x2c D:/Env/msys2/ucrt64/bin/../lib/gcc/arm-none-eabi/13.3.0/../../../../arm-none-eabi/lib/thumb/v6-m/nofp\libnosys.a(read.o)
 .ARM.attributes
                0x00000a5b       0x2c D:/Env/msys2/ucrt64/bin/../lib/gcc/arm-none-eabi/13.3.0/../../../../arm-none-eabi/lib/thumb/v6-m/nofp\libnosys.a(sbrk.o)
 .ARM.attributes
                0x00000a87       0x2c D:/Env/msys2/ucrt64/bin/../lib/gcc/arm-none-eabi/13.3.0/../../../../arm-none-eabi/lib/thumb/v6-m/nofp\libnosys.a(_exit.o)
 .ARM.attributes
                0x00000ab3       0x2c D:/Env/msys2/ucrt64/bin/../lib/gcc/arm-none-eabi/13.3.0/thumb/v6-m/nofp/crtend.o
 .ARM.attributes
                0x00000adf       0x1e D:/Env/msys2/ucrt64/bin/../lib/gcc/arm-none-eabi/13.3.0/thumb/v6-m/nofp/crtn.o

.comment        0x00000000       0x8b
 .comment       0x00000000       0x8b CMakeFiles/demo.elf.dir/boot.c.obj
                                 0x13 (size before relaxing)
 .comment       0x0000008b        0x0 CMakeFiles/demo.elf.dir/interrupt.c.obj
                                 0x13 (size before relaxing)
 .comment       0x0000008b        0x0 CMakeFiles/demo.elf.dir/main.c.obj
                                 0x13 (size before relaxing)
 .comment       0x0000008b        0x0 CMakeFiles/demo.elf.dir/__/__/syscfg/startup_mspm0g350x_gcc.c.obj
                                 0x13 (size before relaxing)
 .comment       0x0000008b        0x0 CMakeFiles/demo.elf.dir/__/__/syscfg/ti_msp_dl_config.c.obj
                                 0x13 (size before relaxing)
 .comment       0x0000008b        0x0 ..\bsp\libbsp.a(bsp_uart.c.obj)
                                 0x13 (size before relaxing)
 .comment       0x0000008b        0x0 D:\ti\mspm0_sdk\source\ti\driverlib\lib\gcc\m0p\mspm0g1x0x_g3x0x\driverlib.a(dl_common.o)
                                 0x7a (size before relaxing)
 .comment       0x0000008b        0x0 D:\ti\mspm0_sdk\source\ti\driverlib\lib\gcc\m0p\mspm0g1x0x_g3x0x\driverlib.a(dl_flashctl.o)
                                 0x7a (size before relaxing)
 .comment       0x0000008b        0x0 D:\ti\mspm0_sdk\source\ti\driverlib\lib\gcc\m0p\mspm0g1x0x_g3x0x\driverlib.a(dl_timer.o)
                                 0x7a (size before relaxing)
 .comment       0x0000008b        0x0 D:\ti\mspm0_sdk\source\ti\driverlib\lib\gcc\m0p\mspm0g1x0x_g3x0x\driverlib.a(dl_uart.o)
                                 0x7a (size before relaxing)
 .comment       0x0000008b        0x0 D:/Env/msys2/ucrt64/bin/../lib/gcc/arm-none-eabi/13.3.0/../../../../arm-none-eabi/lib/thumb/v6-m/nofp\libg_nano.a(libc_a-atexit.o)
                                 0x13 (size before relaxing)
 .comment       0x0000008b        0x0 D:/Env/msys2/ucrt64/bin/../lib/gcc/arm-none-eabi/13.3.0/../../../../arm-none-eabi/lib/thumb/v6-m/nofp\libg_nano.a(libc_a-exit.o)
                                 0x13 (size before relaxing)
 .comment       0x0000008b        0x0 D:/Env/msys2/ucrt64/bin/../lib/gcc/arm-none-eabi/13.3.0/../../../../arm-none-eabi/lib/thumb/v6-m/nofp\libg_nano.a(libc_a-findfp.o)
                                 0x13 (size before relaxing)
 .comment       0x0000008b        0x0 D:/Env/msys2/ucrt64/bin/../lib/gcc/arm-none-eabi/13.3.0/../../../../arm-none-eabi/lib/thumb/v6-m/nofp\libg_nano.a(libc_a-fwalk.o)
                                 0x13 (size before relaxing)
 .comment       0x0000008b        0x0 D:/Env/msys2/ucrt64/bin/../lib/gcc/arm-none-eabi/13.3.0/../../../../arm-none-eabi/lib/thumb/v6-m/nofp\libg_nano.a(libc_a-printf.o)
                                 0x13 (size before relaxing)
 .comment       0x0000008b        0x0 D:/Env/msys2/ucrt64/bin/../lib/gcc/arm-none-eabi/13.3.0/../../../../arm-none-eabi/lib/thumb/v6-m/nofp\libg_nano.a(libc_a-putchar.o)
                                 0x13 (size before relaxing)
 .comment       0x0000008b        0x0 D:/Env/msys2/ucrt64/bin/../lib/gcc/arm-none-eabi/13.3.0/../../../../arm-none-eabi/lib/thumb/v6-m/nofp\libg_nano.a(libc_a-puts.o)
                                 0x13 (size before relaxing)
 .comment       0x0000008b        0x0 D:/Env/msys2/ucrt64/bin/../lib/gcc/arm-none-eabi/13.3.0/../../../../arm-none-eabi/lib/thumb/v6-m/nofp\libg_nano.a(libc_a-setvbuf.o)
                                 0x13 (size before relaxing)
 .comment       0x0000008b        0x0 D:/Env/msys2/ucrt64/bin/../lib/gcc/arm-none-eabi/13.3.0/../../../../arm-none-eabi/lib/thumb/v6-m/nofp\libg_nano.a(libc_a-stdio.o)
                                 0x13 (size before relaxing)
 .comment       0x0000008b        0x0 D:/Env/msys2/ucrt64/bin/../lib/gcc/arm-none-eabi/13.3.0/../../../../arm-none-eabi/lib/thumb/v6-m/nofp\libg_nano.a(libc_a-wbuf.o)
                                 0x13 (size before relaxing)
 .comment       0x0000008b        0x0 D:/Env/msys2/ucrt64/bin/../lib/gcc/arm-none-eabi/13.3.0/../../../../arm-none-eabi/lib/thumb/v6-m/nofp\libg_nano.a(libc_a-wsetup.o)
                                 0x13 (size before relaxing)
 .comment       0x0000008b        0x0 D:/Env/msys2/ucrt64/bin/../lib/gcc/arm-none-eabi/13.3.0/../../../../arm-none-eabi/lib/thumb/v6-m/nofp\libg_nano.a(libc_a-memset.o)
                                 0x13 (size before relaxing)
 .comment       0x0000008b        0x0 D:/Env/msys2/ucrt64/bin/../lib/gcc/arm-none-eabi/13.3.0/../../../../arm-none-eabi/lib/thumb/v6-m/nofp\libg_nano.a(libc_a-closer.o)
                                 0x13 (size before relaxing)
 .comment       0x0000008b        0x0 D:/Env/msys2/ucrt64/bin/../lib/gcc/arm-none-eabi/13.3.0/../../../../arm-none-eabi/lib/thumb/v6-m/nofp\libg_nano.a(libc_a-reent.o)
                                 0x13 (size before relaxing)
 .comment       0x0000008b        0x0 D:/Env/msys2/ucrt64/bin/../lib/gcc/arm-none-eabi/13.3.0/../../../../arm-none-eabi/lib/thumb/v6-m/nofp\libg_nano.a(libc_a-impure.o)
                                 0x13 (size before relaxing)
 .comment       0x0000008b        0x0 D:/Env/msys2/ucrt64/bin/../lib/gcc/arm-none-eabi/13.3.0/../../../../arm-none-eabi/lib/thumb/v6-m/nofp\libg_nano.a(libc_a-lseekr.o)
                                 0x13 (size before relaxing)
 .comment       0x0000008b        0x0 D:/Env/msys2/ucrt64/bin/../lib/gcc/arm-none-eabi/13.3.0/../../../../arm-none-eabi/lib/thumb/v6-m/nofp\libg_nano.a(libc_a-readr.o)
                                 0x13 (size before relaxing)
 .comment       0x0000008b        0x0 D:/Env/msys2/ucrt64/bin/../lib/gcc/arm-none-eabi/13.3.0/../../../../arm-none-eabi/lib/thumb/v6-m/nofp\libg_nano.a(libc_a-writer.o)
                                 0x13 (size before relaxing)
 .comment       0x0000008b        0x0 D:/Env/msys2/ucrt64/bin/../lib/gcc/arm-none-eabi/13.3.0/../../../../arm-none-eabi/lib/thumb/v6-m/nofp\libg_nano.a(libc_a-init.o)
                                 0x13 (size before relaxing)
 .comment       0x0000008b        0x0 D:/Env/msys2/ucrt64/bin/../lib/gcc/arm-none-eabi/13.3.0/../../../../arm-none-eabi/lib/thumb/v6-m/nofp\libg_nano.a(libc_a-fini.o)
                                 0x13 (size before relaxing)
 .comment       0x0000008b        0x0 D:/Env/msys2/ucrt64/bin/../lib/gcc/arm-none-eabi/13.3.0/../../../../arm-none-eabi/lib/thumb/v6-m/nofp\libg_nano.a(libc_a-lock.o)
                                 0x13 (size before relaxing)
 .comment       0x0000008b        0x0 D:/Env/msys2/ucrt64/bin/../lib/gcc/arm-none-eabi/13.3.0/../../../../arm-none-eabi/lib/thumb/v6-m/nofp\libg_nano.a(libc_a-memcpy-stub.o)
                                 0x13 (size before relaxing)
 .comment       0x0000008b        0x0 D:/Env/msys2/ucrt64/bin/../lib/gcc/arm-none-eabi/13.3.0/../../../../arm-none-eabi/lib/thumb/v6-m/nofp\libg_nano.a(libc_a-__atexit.o)
                                 0x13 (size before relaxing)
 .comment       0x0000008b        0x0 D:/Env/msys2/ucrt64/bin/../lib/gcc/arm-none-eabi/13.3.0/../../../../arm-none-eabi/lib/thumb/v6-m/nofp\libg_nano.a(libc_a-__call_atexit.o)
                                 0x13 (size before relaxing)
 .comment       0x0000008b        0x0 D:/Env/msys2/ucrt64/bin/../lib/gcc/arm-none-eabi/13.3.0/../../../../arm-none-eabi/lib/thumb/v6-m/nofp\libg_nano.a(libc_a-freer.o)
                                 0x13 (size before relaxing)
 .comment       0x0000008b        0x0 D:/Env/msys2/ucrt64/bin/../lib/gcc/arm-none-eabi/13.3.0/../../../../arm-none-eabi/lib/thumb/v6-m/nofp\libg_nano.a(libc_a-malloc.o)
                                 0x13 (size before relaxing)
 .comment       0x0000008b        0x0 D:/Env/msys2/ucrt64/bin/../lib/gcc/arm-none-eabi/13.3.0/../../../../arm-none-eabi/lib/thumb/v6-m/nofp\libg_nano.a(libc_a-mallocr.o)
                                 0x13 (size before relaxing)
 .comment       0x0000008b        0x0 D:/Env/msys2/ucrt64/bin/../lib/gcc/arm-none-eabi/13.3.0/../../../../arm-none-eabi/lib/thumb/v6-m/nofp\libg_nano.a(libc_a-mlock.o)
                                 0x13 (size before relaxing)
 .comment       0x0000008b        0x0 D:/Env/msys2/ucrt64/bin/../lib/gcc/arm-none-eabi/13.3.0/../../../../arm-none-eabi/lib/thumb/v6-m/nofp\libg_nano.a(libc_a-nano-vfprintf.o)
                                 0x13 (size before relaxing)
 .comment       0x0000008b        0x0 D:/Env/msys2/ucrt64/bin/../lib/gcc/arm-none-eabi/13.3.0/../../../../arm-none-eabi/lib/thumb/v6-m/nofp\libg_nano.a(libc_a-nano-vfprintf_i.o)
                                 0x13 (size before relaxing)
 .comment       0x0000008b        0x0 D:/Env/msys2/ucrt64/bin/../lib/gcc/arm-none-eabi/13.3.0/../../../../arm-none-eabi/lib/thumb/v6-m/nofp\libg_nano.a(libc_a-fflush.o)
                                 0x13 (size before relaxing)
 .comment       0x0000008b        0x0 D:/Env/msys2/ucrt64/bin/../lib/gcc/arm-none-eabi/13.3.0/../../../../arm-none-eabi/lib/thumb/v6-m/nofp\libg_nano.a(libc_a-fvwrite.o)
                                 0x13 (size before relaxing)
 .comment       0x0000008b        0x0 D:/Env/msys2/ucrt64/bin/../lib/gcc/arm-none-eabi/13.3.0/../../../../arm-none-eabi/lib/thumb/v6-m/nofp\libg_nano.a(libc_a-makebuf.o)
                                 0x13 (size before relaxing)
 .comment       0x0000008b        0x0 D:/Env/msys2/ucrt64/bin/../lib/gcc/arm-none-eabi/13.3.0/../../../../arm-none-eabi/lib/thumb/v6-m/nofp\libg_nano.a(libc_a-putc.o)
                                 0x13 (size before relaxing)
 .comment       0x0000008b        0x0 D:/Env/msys2/ucrt64/bin/../lib/gcc/arm-none-eabi/13.3.0/../../../../arm-none-eabi/lib/thumb/v6-m/nofp\libg_nano.a(libc_a-memmove.o)
                                 0x13 (size before relaxing)
 .comment       0x0000008b        0x0 D:/Env/msys2/ucrt64/bin/../lib/gcc/arm-none-eabi/13.3.0/../../../../arm-none-eabi/lib/thumb/v6-m/nofp\libg_nano.a(libc_a-fstatr.o)
                                 0x13 (size before relaxing)
 .comment       0x0000008b        0x0 D:/Env/msys2/ucrt64/bin/../lib/gcc/arm-none-eabi/13.3.0/../../../../arm-none-eabi/lib/thumb/v6-m/nofp\libg_nano.a(libc_a-isattyr.o)
                                 0x13 (size before relaxing)
 .comment       0x0000008b        0x0 D:/Env/msys2/ucrt64/bin/../lib/gcc/arm-none-eabi/13.3.0/../../../../arm-none-eabi/lib/thumb/v6-m/nofp\libg_nano.a(libc_a-sbrkr.o)
                                 0x13 (size before relaxing)
 .comment       0x0000008b        0x0 D:/Env/msys2/ucrt64/bin/../lib/gcc/arm-none-eabi/13.3.0/../../../../arm-none-eabi/lib/thumb/v6-m/nofp\libg_nano.a(libc_a-memchr-stub.o)
                                 0x13 (size before relaxing)
 .comment       0x0000008b        0x0 D:/Env/msys2/ucrt64/bin/../lib/gcc/arm-none-eabi/13.3.0/../../../../arm-none-eabi/lib/thumb/v6-m/nofp\libg_nano.a(libc_a-reallocr.o)
                                 0x13 (size before relaxing)
 .comment       0x0000008b        0x0 D:/Env/msys2/ucrt64/bin/../lib/gcc/arm-none-eabi/13.3.0/../../../../arm-none-eabi/lib/thumb/v6-m/nofp\libg_nano.a(libc_a-msizer.o)
                                 0x13 (size before relaxing)

.debug_line_str
                0x00000000       0xe5
 .debug_line_str
                0x00000000       0xe5 D:/Env/msys2/ucrt64/bin/../lib/gcc/arm-none-eabi/13.3.0/../../../../arm-none-eabi/lib/thumb/v6-m/nofp/crt0.o
                                 0x74 (size before relaxing)
 .debug_line_str
                0x000000e5        0x0 D:/Env/msys2/ucrt64/bin/../lib/gcc/arm-none-eabi/13.3.0/thumb/v6-m/nofp\libgcc.a(_udivsi3.o)
                                 0x71 (size before relaxing)
 .debug_line_str
                0x000000e5        0x0 D:/Env/msys2/ucrt64/bin/../lib/gcc/arm-none-eabi/13.3.0/thumb/v6-m/nofp\libgcc.a(_divsi3.o)
                                 0x71 (size before relaxing)
 .debug_line_str
                0x000000e5        0x0 D:/Env/msys2/ucrt64/bin/../lib/gcc/arm-none-eabi/13.3.0/thumb/v6-m/nofp\libgcc.a(_dvmd_tls.o)
                                 0x71 (size before relaxing)

.debug_info     0x00000000    0x4ef75
 .debug_info    0x00000000     0x5d2a CMakeFiles/demo.elf.dir/boot.c.obj
 .debug_info    0x00005d2a     0x588e CMakeFiles/demo.elf.dir/interrupt.c.obj
 .debug_info    0x0000b5b8     0x61c5 CMakeFiles/demo.elf.dir/main.c.obj
 .debug_info    0x0001177d      0x1a3 CMakeFiles/demo.elf.dir/__/__/syscfg/startup_mspm0g350x_gcc.c.obj
 .debug_info    0x00011920     0x6724 CMakeFiles/demo.elf.dir/__/__/syscfg/ti_msp_dl_config.c.obj
 .debug_info    0x00018044     0x57a0 ..\bsp\libbsp.a(bsp_uart.c.obj)
 .debug_info    0x0001d7e4     0x561b D:\ti\mspm0_sdk\source\ti\driverlib\lib\gcc\m0p\mspm0g1x0x_g3x0x\driverlib.a(dl_common.o)
 .debug_info    0x00022dff     0x9e87 D:\ti\mspm0_sdk\source\ti\driverlib\lib\gcc\m0p\mspm0g1x0x_g3x0x\driverlib.a(dl_flashctl.o)
 .debug_info    0x0002cc86     0x9259 D:\ti\mspm0_sdk\source\ti\driverlib\lib\gcc\m0p\mspm0g1x0x_g3x0x\driverlib.a(dl_timer.o)
 .debug_info    0x00035edf     0x670b D:\ti\mspm0_sdk\source\ti\driverlib\lib\gcc\m0p\mspm0g1x0x_g3x0x\driverlib.a(dl_uart.o)
 .debug_info    0x0003c5ea       0x3d D:/Env/msys2/ucrt64/bin/../lib/gcc/arm-none-eabi/13.3.0/thumb/v6-m/nofp\libgcc.a(_udivsi3.o)
 .debug_info    0x0003c627       0x3e D:/Env/msys2/ucrt64/bin/../lib/gcc/arm-none-eabi/13.3.0/thumb/v6-m/nofp\libgcc.a(_divsi3.o)
 .debug_info    0x0003c665       0x3c D:/Env/msys2/ucrt64/bin/../lib/gcc/arm-none-eabi/13.3.0/thumb/v6-m/nofp\libgcc.a(_dvmd_tls.o)
 .debug_info    0x0003c6a1      0x11e D:/Env/msys2/ucrt64/bin/../lib/gcc/arm-none-eabi/13.3.0/../../../../arm-none-eabi/lib/thumb/v6-m/nofp\libg_nano.a(libc_a-atexit.o)
 .debug_info    0x0003c7bf      0x11b D:/Env/msys2/ucrt64/bin/../lib/gcc/arm-none-eabi/13.3.0/../../../../arm-none-eabi/lib/thumb/v6-m/nofp\libg_nano.a(libc_a-exit.o)
 .debug_info    0x0003c8da     0x10fa D:/Env/msys2/ucrt64/bin/../lib/gcc/arm-none-eabi/13.3.0/../../../../arm-none-eabi/lib/thumb/v6-m/nofp\libg_nano.a(libc_a-findfp.o)
 .debug_info    0x0003d9d4      0x7d2 D:/Env/msys2/ucrt64/bin/../lib/gcc/arm-none-eabi/13.3.0/../../../../arm-none-eabi/lib/thumb/v6-m/nofp\libg_nano.a(libc_a-fwalk.o)
 .debug_info    0x0003e1a6      0x841 D:/Env/msys2/ucrt64/bin/../lib/gcc/arm-none-eabi/13.3.0/../../../../arm-none-eabi/lib/thumb/v6-m/nofp\libg_nano.a(libc_a-printf.o)
 .debug_info    0x0003e9e7      0x7c9 D:/Env/msys2/ucrt64/bin/../lib/gcc/arm-none-eabi/13.3.0/../../../../arm-none-eabi/lib/thumb/v6-m/nofp\libg_nano.a(libc_a-putchar.o)
 .debug_info    0x0003f1b0      0x94c D:/Env/msys2/ucrt64/bin/../lib/gcc/arm-none-eabi/13.3.0/../../../../arm-none-eabi/lib/thumb/v6-m/nofp\libg_nano.a(libc_a-puts.o)
 .debug_info    0x0003fafc      0x945 D:/Env/msys2/ucrt64/bin/../lib/gcc/arm-none-eabi/13.3.0/../../../../arm-none-eabi/lib/thumb/v6-m/nofp\libg_nano.a(libc_a-setvbuf.o)
 .debug_info    0x00040441      0xa7c D:/Env/msys2/ucrt64/bin/../lib/gcc/arm-none-eabi/13.3.0/../../../../arm-none-eabi/lib/thumb/v6-m/nofp\libg_nano.a(libc_a-stdio.o)
 .debug_info    0x00040ebd      0x86d D:/Env/msys2/ucrt64/bin/../lib/gcc/arm-none-eabi/13.3.0/../../../../arm-none-eabi/lib/thumb/v6-m/nofp\libg_nano.a(libc_a-wbuf.o)
 .debug_info    0x0004172a      0x7bb D:/Env/msys2/ucrt64/bin/../lib/gcc/arm-none-eabi/13.3.0/../../../../arm-none-eabi/lib/thumb/v6-m/nofp\libg_nano.a(libc_a-wsetup.o)
 .debug_info    0x00041ee5      0x135 D:/Env/msys2/ucrt64/bin/../lib/gcc/arm-none-eabi/13.3.0/../../../../arm-none-eabi/lib/thumb/v6-m/nofp\libg_nano.a(libc_a-memset.o)
 .debug_info    0x0004201a      0x75d D:/Env/msys2/ucrt64/bin/../lib/gcc/arm-none-eabi/13.3.0/../../../../arm-none-eabi/lib/thumb/v6-m/nofp\libg_nano.a(libc_a-closer.o)
 .debug_info    0x00042777      0x8a2 D:/Env/msys2/ucrt64/bin/../lib/gcc/arm-none-eabi/13.3.0/../../../../arm-none-eabi/lib/thumb/v6-m/nofp\libg_nano.a(libc_a-reent.o)
 .debug_info    0x00043019      0x715 D:/Env/msys2/ucrt64/bin/../lib/gcc/arm-none-eabi/13.3.0/../../../../arm-none-eabi/lib/thumb/v6-m/nofp\libg_nano.a(libc_a-impure.o)
 .debug_info    0x0004372e      0x7a8 D:/Env/msys2/ucrt64/bin/../lib/gcc/arm-none-eabi/13.3.0/../../../../arm-none-eabi/lib/thumb/v6-m/nofp\libg_nano.a(libc_a-lseekr.o)
 .debug_info    0x00043ed6      0x7bf D:/Env/msys2/ucrt64/bin/../lib/gcc/arm-none-eabi/13.3.0/../../../../arm-none-eabi/lib/thumb/v6-m/nofp\libg_nano.a(libc_a-readr.o)
 .debug_info    0x00044695      0x7c5 D:/Env/msys2/ucrt64/bin/../lib/gcc/arm-none-eabi/13.3.0/../../../../arm-none-eabi/lib/thumb/v6-m/nofp\libg_nano.a(libc_a-writer.o)
 .debug_info    0x00044e5a      0x10b D:/Env/msys2/ucrt64/bin/../lib/gcc/arm-none-eabi/13.3.0/../../../../arm-none-eabi/lib/thumb/v6-m/nofp\libg_nano.a(libc_a-init.o)
 .debug_info    0x00044f65       0xf7 D:/Env/msys2/ucrt64/bin/../lib/gcc/arm-none-eabi/13.3.0/../../../../arm-none-eabi/lib/thumb/v6-m/nofp\libg_nano.a(libc_a-fini.o)
 .debug_info    0x0004505c      0x218 D:/Env/msys2/ucrt64/bin/../lib/gcc/arm-none-eabi/13.3.0/../../../../arm-none-eabi/lib/thumb/v6-m/nofp\libg_nano.a(libc_a-lock.o)
 .debug_info    0x00045274      0x152 D:/Env/msys2/ucrt64/bin/../lib/gcc/arm-none-eabi/13.3.0/../../../../arm-none-eabi/lib/thumb/v6-m/nofp\libg_nano.a(libc_a-memcpy-stub.o)
 .debug_info    0x000453c6      0x2e7 D:/Env/msys2/ucrt64/bin/../lib/gcc/arm-none-eabi/13.3.0/../../../../arm-none-eabi/lib/thumb/v6-m/nofp\libg_nano.a(libc_a-__atexit.o)
 .debug_info    0x000456ad      0x290 D:/Env/msys2/ucrt64/bin/../lib/gcc/arm-none-eabi/13.3.0/../../../../arm-none-eabi/lib/thumb/v6-m/nofp\libg_nano.a(libc_a-__call_atexit.o)
 .debug_info    0x0004593d      0x874 D:/Env/msys2/ucrt64/bin/../lib/gcc/arm-none-eabi/13.3.0/../../../../arm-none-eabi/lib/thumb/v6-m/nofp\libg_nano.a(libc_a-freer.o)
 .debug_info    0x000461b1      0x7a0 D:/Env/msys2/ucrt64/bin/../lib/gcc/arm-none-eabi/13.3.0/../../../../arm-none-eabi/lib/thumb/v6-m/nofp\libg_nano.a(libc_a-malloc.o)
 .debug_info    0x00046951      0x9c5 D:/Env/msys2/ucrt64/bin/../lib/gcc/arm-none-eabi/13.3.0/../../../../arm-none-eabi/lib/thumb/v6-m/nofp\libg_nano.a(libc_a-mallocr.o)
 .debug_info    0x00047316      0x76b D:/Env/msys2/ucrt64/bin/../lib/gcc/arm-none-eabi/13.3.0/../../../../arm-none-eabi/lib/thumb/v6-m/nofp\libg_nano.a(libc_a-mlock.o)
 .debug_info    0x00047a81     0x1102 D:/Env/msys2/ucrt64/bin/../lib/gcc/arm-none-eabi/13.3.0/../../../../arm-none-eabi/lib/thumb/v6-m/nofp\libg_nano.a(libc_a-nano-vfprintf.o)
 .debug_info    0x00048b83      0xdf3 D:/Env/msys2/ucrt64/bin/../lib/gcc/arm-none-eabi/13.3.0/../../../../arm-none-eabi/lib/thumb/v6-m/nofp\libg_nano.a(libc_a-nano-vfprintf_i.o)
 .debug_info    0x00049976      0x9fa D:/Env/msys2/ucrt64/bin/../lib/gcc/arm-none-eabi/13.3.0/../../../../arm-none-eabi/lib/thumb/v6-m/nofp\libg_nano.a(libc_a-fflush.o)
 .debug_info    0x0004a370      0xb36 D:/Env/msys2/ucrt64/bin/../lib/gcc/arm-none-eabi/13.3.0/../../../../arm-none-eabi/lib/thumb/v6-m/nofp\libg_nano.a(libc_a-fvwrite.o)
 .debug_info    0x0004aea6      0xbef D:/Env/msys2/ucrt64/bin/../lib/gcc/arm-none-eabi/13.3.0/../../../../arm-none-eabi/lib/thumb/v6-m/nofp\libg_nano.a(libc_a-makebuf.o)
 .debug_info    0x0004ba95      0x964 D:/Env/msys2/ucrt64/bin/../lib/gcc/arm-none-eabi/13.3.0/../../../../arm-none-eabi/lib/thumb/v6-m/nofp\libg_nano.a(libc_a-putc.o)
 .debug_info    0x0004c3f9      0x148 D:/Env/msys2/ucrt64/bin/../lib/gcc/arm-none-eabi/13.3.0/../../../../arm-none-eabi/lib/thumb/v6-m/nofp\libg_nano.a(libc_a-memmove.o)
 .debug_info    0x0004c541      0x981 D:/Env/msys2/ucrt64/bin/../lib/gcc/arm-none-eabi/13.3.0/../../../../arm-none-eabi/lib/thumb/v6-m/nofp\libg_nano.a(libc_a-fstatr.o)
 .debug_info    0x0004cec2      0x75d D:/Env/msys2/ucrt64/bin/../lib/gcc/arm-none-eabi/13.3.0/../../../../arm-none-eabi/lib/thumb/v6-m/nofp\libg_nano.a(libc_a-isattyr.o)
 .debug_info    0x0004d61f      0x782 D:/Env/msys2/ucrt64/bin/../lib/gcc/arm-none-eabi/13.3.0/../../../../arm-none-eabi/lib/thumb/v6-m/nofp\libg_nano.a(libc_a-sbrkr.o)
 .debug_info    0x0004dda1      0x14a D:/Env/msys2/ucrt64/bin/../lib/gcc/arm-none-eabi/13.3.0/../../../../arm-none-eabi/lib/thumb/v6-m/nofp\libg_nano.a(libc_a-memchr-stub.o)
 .debug_info    0x0004deeb      0x8f6 D:/Env/msys2/ucrt64/bin/../lib/gcc/arm-none-eabi/13.3.0/../../../../arm-none-eabi/lib/thumb/v6-m/nofp\libg_nano.a(libc_a-reallocr.o)
 .debug_info    0x0004e7e1      0x794 D:/Env/msys2/ucrt64/bin/../lib/gcc/arm-none-eabi/13.3.0/../../../../arm-none-eabi/lib/thumb/v6-m/nofp\libg_nano.a(libc_a-msizer.o)

.debug_abbrev   0x00000000     0x67e3
 .debug_abbrev  0x00000000      0x3c0 CMakeFiles/demo.elf.dir/boot.c.obj
 .debug_abbrev  0x000003c0      0x202 CMakeFiles/demo.elf.dir/interrupt.c.obj
 .debug_abbrev  0x000005c2      0x36d CMakeFiles/demo.elf.dir/main.c.obj
 .debug_abbrev  0x0000092f      0x10d CMakeFiles/demo.elf.dir/__/__/syscfg/startup_mspm0g350x_gcc.c.obj
 .debug_abbrev  0x00000a3c      0x33a CMakeFiles/demo.elf.dir/__/__/syscfg/ti_msp_dl_config.c.obj
 .debug_abbrev  0x00000d76      0x250 ..\bsp\libbsp.a(bsp_uart.c.obj)
 .debug_abbrev  0x00000fc6      0x166 D:\ti\mspm0_sdk\source\ti\driverlib\lib\gcc\m0p\mspm0g1x0x_g3x0x\driverlib.a(dl_common.o)
 .debug_abbrev  0x0000112c      0x479 D:\ti\mspm0_sdk\source\ti\driverlib\lib\gcc\m0p\mspm0g1x0x_g3x0x\driverlib.a(dl_flashctl.o)
 .debug_abbrev  0x000015a5      0x3dd D:\ti\mspm0_sdk\source\ti\driverlib\lib\gcc\m0p\mspm0g1x0x_g3x0x\driverlib.a(dl_timer.o)
 .debug_abbrev  0x00001982      0x3a0 D:\ti\mspm0_sdk\source\ti\driverlib\lib\gcc\m0p\mspm0g1x0x_g3x0x\driverlib.a(dl_uart.o)
 .debug_abbrev  0x00001d22       0x28 D:/Env/msys2/ucrt64/bin/../lib/gcc/arm-none-eabi/13.3.0/thumb/v6-m/nofp\libgcc.a(_udivsi3.o)
 .debug_abbrev  0x00001d4a       0x28 D:/Env/msys2/ucrt64/bin/../lib/gcc/arm-none-eabi/13.3.0/thumb/v6-m/nofp\libgcc.a(_divsi3.o)
 .debug_abbrev  0x00001d72       0x26 D:/Env/msys2/ucrt64/bin/../lib/gcc/arm-none-eabi/13.3.0/thumb/v6-m/nofp\libgcc.a(_dvmd_tls.o)
 .debug_abbrev  0x00001d98       0xbe D:/Env/msys2/ucrt64/bin/../lib/gcc/arm-none-eabi/13.3.0/../../../../arm-none-eabi/lib/thumb/v6-m/nofp\libg_nano.a(libc_a-atexit.o)
 .debug_abbrev  0x00001e56       0xd8 D:/Env/msys2/ucrt64/bin/../lib/gcc/arm-none-eabi/13.3.0/../../../../arm-none-eabi/lib/thumb/v6-m/nofp\libg_nano.a(libc_a-exit.o)
 .debug_abbrev  0x00001f2e      0x435 D:/Env/msys2/ucrt64/bin/../lib/gcc/arm-none-eabi/13.3.0/../../../../arm-none-eabi/lib/thumb/v6-m/nofp\libg_nano.a(libc_a-findfp.o)
 .debug_abbrev  0x00002363      0x19b D:/Env/msys2/ucrt64/bin/../lib/gcc/arm-none-eabi/13.3.0/../../../../arm-none-eabi/lib/thumb/v6-m/nofp\libg_nano.a(libc_a-fwalk.o)
 .debug_abbrev  0x000024fe      0x21a D:/Env/msys2/ucrt64/bin/../lib/gcc/arm-none-eabi/13.3.0/../../../../arm-none-eabi/lib/thumb/v6-m/nofp\libg_nano.a(libc_a-printf.o)
 .debug_abbrev  0x00002718      0x1cd D:/Env/msys2/ucrt64/bin/../lib/gcc/arm-none-eabi/13.3.0/../../../../arm-none-eabi/lib/thumb/v6-m/nofp\libg_nano.a(libc_a-putchar.o)
 .debug_abbrev  0x000028e5      0x294 D:/Env/msys2/ucrt64/bin/../lib/gcc/arm-none-eabi/13.3.0/../../../../arm-none-eabi/lib/thumb/v6-m/nofp\libg_nano.a(libc_a-puts.o)
 .debug_abbrev  0x00002b79      0x259 D:/Env/msys2/ucrt64/bin/../lib/gcc/arm-none-eabi/13.3.0/../../../../arm-none-eabi/lib/thumb/v6-m/nofp\libg_nano.a(libc_a-setvbuf.o)